Component: ARM Compiler 5.05 update 1 (build 106) Tool: armlink [4d0efa]

==============================================================================

Section Cross References

    main.o(.text) refers to lcd.o(.text) for LCD_Fill
    main.o(.text) refers to rand.o(.emb_text) for rand
    main.o(.text) refers to main.o(.bss) for jd
    main.o(.text) refers to main.o(.data) for im
    main.o(.text) refers to delay.o(.text) for delay_init
    main.o(.text) refers to misc.o(.text) for NVIC_PriorityGroupConfig
    main.o(.text) refers to usart.o(.text) for uart_init
    main.o(.text) refers to timer.o(.text) for TIM3_Int_Init
    main.o(.text) refers to beep.o(.text) for TIM1_PWM_Init
    main.o(.text) refers to stm32f10x_tim.o(.text) for TIM_Cmd
    main.o(.text) refers to led.o(.text) for LED_Init
    main.o(.text) refers to w25qxx.o(.text) for W25QXX_Init
    main.o(.text) refers to touch.o(.data) for tp_dev
    main.o(.text) refers to lcd.o(.data) for POINT_COLOR
    main.o(.text) refers to rand.o(.text) for srand
    main.o(.text) refers to timer.o(.data) for time_us
    main.o(.text) refers to beep.o(.data) for song
    main.o(.text) refers to lcd.o(.bss) for lcddev
    system_stm32f10x.o(.text) refers to system_stm32f10x.o(.data) for SystemCoreClock
    led.o(.text) refers to stm32f10x_rcc.o(.text) for RCC_APB2PeriphClockCmd
    led.o(.text) refers to stm32f10x_gpio.o(.text) for GPIO_Init
    key.o(.text) refers to stm32f10x_rcc.o(.text) for RCC_APB2PeriphClockCmd
    key.o(.text) refers to stm32f10x_gpio.o(.text) for GPIO_Init
    key.o(.text) refers to delay.o(.text) for delay_ms
    key.o(.text) refers to key.o(.data) for key_up
    lcd.o(.text) refers to _printf_percent.o(.ARM.Collect$$_printf_percent$$00000000) for _printf_percent
    lcd.o(.text) refers to _printf_x.o(.ARM.Collect$$_printf_percent$$0000000C) for _printf_x
    lcd.o(.text) refers to _printf_hex_int.o(.text) for _printf_longlong_hex
    lcd.o(.text) refers to delay.o(.text) for delay_us
    lcd.o(.text) refers to lcd.o(.bss) for lcddev
    lcd.o(.text) refers to lcd.o(.data) for POINT_COLOR
    lcd.o(.text) refers to dflt_clz.o(x$fpl$dfltu) for __aeabi_ui2d
    lcd.o(.text) refers to dmul.o(x$fpl$dmul) for __aeabi_dmul
    lcd.o(.text) refers to dfixu.o(x$fpl$dfixu) for __aeabi_d2uiz
    lcd.o(.text) refers to stm32f10x_rcc.o(.text) for RCC_AHBPeriphClockCmd
    lcd.o(.text) refers to stm32f10x_gpio.o(.text) for GPIO_Init
    lcd.o(.text) refers to stm32f10x_fsmc.o(.text) for FSMC_NORSRAMInit
    lcd.o(.text) refers to noretval__2printf.o(.text) for __2printf
    lcd.o(.text) refers to lcd.o(.constdata) for asc2_1206
    myiic.o(.text) refers to stm32f10x_rcc.o(.text) for RCC_APB2PeriphClockCmd
    myiic.o(.text) refers to stm32f10x_gpio.o(.text) for GPIO_Init
    myiic.o(.text) refers to delay.o(.text) for delay_us
    24cxx.o(.text) refers to myiic.o(.text) for IIC_Init
    24cxx.o(.text) refers to delay.o(.text) for delay_ms
    spi.o(.text) refers to stm32f10x_spi.o(.text) for SPI_I2S_GetFlagStatus
    spi.o(.text) refers to stm32f10x_rcc.o(.text) for RCC_APB2PeriphClockCmd
    spi.o(.text) refers to stm32f10x_gpio.o(.text) for GPIO_Init
    w25qxx.o(.text) refers to _printf_percent.o(.ARM.Collect$$_printf_percent$$00000000) for _printf_percent
    w25qxx.o(.text) refers to _printf_x.o(.ARM.Collect$$_printf_percent$$0000000C) for _printf_x
    w25qxx.o(.text) refers to _printf_hex_int.o(.text) for _printf_longlong_hex
    w25qxx.o(.text) refers to spi.o(.text) for SPI2_ReadWriteByte
    w25qxx.o(.text) refers to stm32f10x_rcc.o(.text) for RCC_APB2PeriphClockCmd
    w25qxx.o(.text) refers to stm32f10x_gpio.o(.text) for GPIO_Init
    w25qxx.o(.text) refers to noretval__2printf.o(.text) for __2printf
    w25qxx.o(.text) refers to delay.o(.text) for delay_us
    w25qxx.o(.text) refers to w25qxx.o(.data) for W25QXX_TYPE
    w25qxx.o(.text) refers to w25qxx.o(.bss) for W25QXX_BUFFER
    touch.o(.text) refers to delay.o(.text) for delay_us
    touch.o(.text) refers to lcd.o(.text) for LCD_DrawLine
    touch.o(.text) refers to fflt_clz.o(x$fpl$fflt) for __aeabi_i2f
    touch.o(.text) refers to fflt_clz.o(x$fpl$ffltu) for __aeabi_ui2f
    touch.o(.text) refers to fmul.o(x$fpl$fmul) for __aeabi_fmul
    touch.o(.text) refers to faddsub_clz.o(x$fpl$fadd) for __aeabi_fadd
    touch.o(.text) refers to ffixu.o(x$fpl$ffixu) for __aeabi_f2uiz
    touch.o(.text) refers to 24cxx.o(.text) for AT24CXX_Write
    touch.o(.text) refers to touch.o(.data) for CMD_RDX
    touch.o(.text) refers to lcd.o(.data) for POINT_COLOR
    touch.o(.text) refers to dflt_clz.o(x$fpl$dfltu) for __aeabi_ui2d
    touch.o(.text) refers to sqrt.o(i.sqrt) for sqrt
    touch.o(.text) refers to dfixu.o(x$fpl$dfixu) for __aeabi_d2uiz
    touch.o(.text) refers to fdiv.o(x$fpl$fdiv) for __aeabi_fdiv
    touch.o(.text) refers to f2d.o(x$fpl$f2d) for __aeabi_f2d
    touch.o(.text) refers to dleqf.o(x$fpl$dleqf) for __aeabi_cdcmple
[...]
    .data                                    0x2000010a   Section        1  ott2001a.o(.data)
    t                                        0x2000010a   Data           1  ott2001a.o(.data)
    .data                                    0x2000010b   Section        1  ft5206.o(.data)
    t                                        0x2000010b   Data           1  ft5206.o(.data)
    .data                                    0x2000010c   Section        1  gt9147.o(.data)
    t                                        0x2000010c   Data           1  gt9147.o(.data)
    .data                                    0x20000110   Section       20  timer.o(.data)
    .data                                    0x20000124   Section      300  beep.o(.data)
    .data                                    0x20000250   Section        4  delay.o(.data)
    fac_us                                   0x20000250   Data           1  delay.o(.data)
    fac_ms                                   0x20000252   Data           2  delay.o(.data)
    .data                                    0x20000254   Section        6  usart.o(.data)
    .data                                    0x2000025a   Section       20  stm32f10x_rcc.o(.data)
    APBAHBPrescTable                         0x2000025a   Data          16  stm32f10x_rcc.o(.data)
    ADCPrescTable                            0x2000026a   Data           4  stm32f10x_rcc.o(.data)
    .bss                                     0x20000270   Section     1204  main.o(.bss)
    .bss                                     0x20000724   Section       14  lcd.o(.bss)
    .bss                                     0x20000732   Section     4096  w25qxx.o(.bss)
    .bss                                     0x20001732   Section      200  usart.o(.bss)
    .bss                                     0x200017fc   Section      228  rand.o(.bss)
    .bss                                     0x200018e0   Section       96  libspace.o(.bss)
    HEAP                                     0x20001940   Section      512  startup_stm32f10x_hd.o(HEAP)
    Heap_Mem                                 0x20001940   Data         512  startup_stm32f10x_hd.o(HEAP)
    STACK                                    0x20001b40   Section     1024  startup_stm32f10x_hd.o(STACK)
    Stack_Mem                                0x20001b40   Data        1024  startup_stm32f10x_hd.o(STACK)
    __initial_sp                             0x20001f40   Data           0  startup_stm32f10x_hd.o(STACK)

    Global Symbols

    Symbol Name                              Value     Ov Type        Size  Object(Section)

    BuildAttributes$$THM_ISAv4$P$D$K$B$S$PE$A:L22UL41UL21$X:L11$S22US41US21$IEEE1$IW$USESV6$~STKCKD$USESV7$~SHL$OTIME$ROPI$IEEEJ$EBA8$UX$STANDARDLIB$REQ8$PRES8$EABIv2 0x00000000   Number         0  anon$$obj.o ABSOLUTE
    __ARM_use_no_argv                        0x00000000   Number         0  main.o ABSOLUTE
    __ARM_exceptions_init                     - Undefined Weak Reference
    __alloca_initialize                       - Undefined Weak Reference
    __arm_preinit_                            - Undefined Weak Reference
    __cpp_initialize__aeabi_                  - Undefined Weak Reference
    __cxa_finalize                            - Undefined Weak Reference
    __rt_locale                               - Undefined Weak Reference
    __sigvec_lookup                           - Undefined Weak Reference
    _atexit_init                              - Undefined Weak Reference
    _call_atexit_fns                          - Undefined Weak Reference
    _clock_init                               - Undefined Weak Reference
    _fp_trap_init                             - Undefined Weak Reference
    _fp_trap_shutdown                         - Undefined Weak Reference
    _get_lc_collate                           - Undefined Weak Reference
    _get_lc_ctype                             - Undefined Weak Reference
    _get_lc_monetary                          - Undefined Weak Reference
    _get_lc_numeric                           - Undefined Weak Reference
    _get_lc_time                              - Undefined Weak Reference
    _getenv_init                              - Undefined Weak Reference
    _handle_redirection                       - Undefined Weak Reference
    _init_alloc                               - Undefined Weak Reference
    _init_user_alloc                          - Undefined Weak Reference
    _initio                                   - Undefined Weak Reference
    _mutex_acquire                            - Undefined Weak Reference
    _mutex_release                            - Undefined Weak Reference
    _printf_mbtowc                            - Undefined Weak Reference
    _printf_post_padding                      - Undefined Weak Reference
    _printf_pre_padding                       - Undefined Weak Reference
    _printf_truncate_signed                   - Undefined Weak Reference
    _printf_truncate_unsigned                 - Undefined Weak Reference
    _signal_finish                            - Undefined Weak Reference
    _signal_init                              - Undefined Weak Reference
    _terminate_alloc                          - Undefined Weak Reference
    _terminate_user_alloc                     - Undefined Weak Reference
    _terminateio                              - Undefined Weak Reference
    __Vectors_Size                           0x00000130   Number         0  startup_stm32f10x_hd.o ABSOLUTE
    __Vectors                                0x08000000   Data           4  startup_stm32f10x_hd.o(RESET)
    __Vectors_End                            0x08000130   Data           0  startup_stm32f10x_hd.o(RESET)
    __main                                   0x08000131   Thumb Code     8  __main.o(!!!main)
    __scatterload                            0x08000139   Thumb Code     0  __scatter.o(!!!scatter)
    __scatterload_rt2                        0x08000139   Thumb Code    44  __scatter.o(!!!scatter)
    __scatterload_rt2_thumb_only             0x08000139   Thumb Code     0  __scatter.o(!!!scatter)
    __scatterload_null                       0x08000147   Thumb Code     0  __scatter.o(!!!scatter)
    __decompress                             0x0800016d   Thumb Code    90  __dczerorl2.o(!!dczerorl2)
    __decompress1                            0x0800016d   Thumb Code     0  __dczerorl2.o(!!dczerorl2)
    __scatterload_zeroinit                   0x080001c9   Thumb Code    28  __scatter_zi.o(!!handler_zi)
    _printf_d                                0x080001e5   Thumb Code     0  _printf_d.o(.ARM.Collect$$_printf_percent$$00000009)
    _printf_percent                          0x080001e5   Thumb Code     0  _printf_percent.o(.ARM.Collect$$_printf_percent$$00000000)
    _printf_x                                0x080001eb   Thumb Code     0  _printf_x.o(.ARM.Collect$$_printf_percent$$0000000C)
    _printf_s                                0x080001f1   Thumb Code     0  _printf_s.o(.ARM.Collect$$_printf_percent$$00000014)
    _printf_percent_end                      0x080001f7   Thumb Code     0  _printf_percent_end.o(.ARM.Collect$$_printf_percent$$00000017)
    __rt_lib_init                            0x080001fb   Thumb Code     0  libinit.o(.ARM.Collect$$libinit$$00000000)
    __rt_lib_init_fp_1                       0x080001fd   Thumb Code     0  libinit2.o(.ARM.Collect$$libinit$$00000002)
    __rt_lib_init_heap_1                     0x080001fd   Thumb Code     0  libinit2.o(.ARM.Collect$$libinit$$0000000A)
    __rt_lib_init_preinit_1                  0x080001fd   Thumb Code     0  libinit2.o(.ARM.Collect$$libinit$$00000004)
    __rt_lib_init_rand_2                     0x080001fd   Thumb Code     0  libinit2.o(.ARM.Collect$$libinit$$0000000D)
    __rt_lib_init_user_alloc_1               0x080001fd   Thumb Code     0  libinit2.o(.ARM.Collect$$libinit$$0000000C)
    __rt_lib_init_alloca_1                   0x08000201   Thumb Code     0  libinit2.o(.ARM.Collect$$libinit$$0000002E)
    __rt_lib_init_argv_1                     0x08000201   Thumb Code     0  libinit2.o(.ARM.Collect$$libinit$$0000002C)
    __rt_lib_init_atexit_1                   0x08000201   Thumb Code     0  libinit2.o(.ARM.Collect$$libinit$$0000001B)
    __rt_lib_init_clock_1                    0x08000201   Thumb Code     0  libinit2.o(.ARM.Collect$$libinit$$00000021)
    __rt_lib_init_cpp_1                      0x08000201   Thumb Code     0  libinit2.o(.ARM.Collect$$libinit$$00000032)
    __rt_lib_init_exceptions_1               0x08000201   Thumb Code     0  libinit2.o(.ARM.Collect$$libinit$$00000030)
    __rt_lib_init_fp_trap_1                  0x08000201   Thumb Code     0  libinit2.o(.ARM.Collect$$libinit$$0000001F)
    __rt_lib_init_getenv_1                   0x08000201   Thumb Code     0  libinit2.o(.ARM.Collect$$libinit$$00000023)
    __rt_lib_init_lc_collate_1               0x08000201   Thumb Code     0  libinit2.o(.ARM.Collect$$libinit$$00000011)
    __rt_lib_init_lc_ctype_1                 0x08000201   Thumb Code     0  libinit2.o(.ARM.Collect$$libinit$$00000013)
    __rt_lib_init_lc_monetary_1              0x08000201   Thumb Code     0  libinit2.o(.ARM.Collect$$libinit$$00000015)
    __rt_lib_init_lc_numeric_1               0x08000201   Thumb Code     0  libinit2.o(.ARM.Collect$$libinit$$00000017)
    __rt_lib_init_lc_time_1                  0x08000201   Thumb Code     0  libinit2.o(.ARM.Collect$$libinit$$00000019)
    __rt_lib_init_rand_1                     0x08000201   Thumb Code     0  libinit2.o(.ARM.Collect$$libinit$$0000000E)
    __rt_lib_init_return                     0x08000201   Thumb Code     0  libinit2.o(.ARM.Collect$$libinit$$00000033)
    __rt_lib_init_signal_1                   0x08000201   Thumb Code     0  libinit2.o(.ARM.Collect$$libinit$$0000001D)
    __rt_lib_init_stdio_1                    0x08000201   Thumb Code     0  libinit2.o(.ARM.Collect$$libinit$$00000025)
    __rt_lib_shutdown                        0x08000203   Thumb Code     0  libshutdown.o(.ARM.Collect$$libshutdown$$00000000)
    __rt_lib_shutdown_fp_trap_1              0x08000205   Thumb Code     0  libshutdown2.o(.ARM.Collect$$libshutdown$$00000006)
    __rt_lib_shutdown_heap_1                 0x08000205   Thumb Code     0  libshutdown2.o(.ARM.Collect$$libshutdown$$0000000E)
    __rt_lib_shutdown_return                 0x08000205   Thumb Code     0  libshutdown2.o(.ARM.Collect$$libshutdown$$0000000F)
    __rt_lib_shutdown_signal_1               0x08000205   Thumb Code     0  libshutdown2.o(.ARM.Collect$$libshutdown$$00000009)
    __rt_lib_shutdown_stdio_1                0x08000205   Thumb Code     0  libshutdown2.o(.ARM.Collect$$libshutdown$$00000003)
    __rt_lib_shutdown_user_alloc_1           0x08000205   Thumb Code     0  libshutdown2.o(.ARM.Collect$$libshutdown$$0000000B)
    __rt_entry                               0x08000207   Thumb Code     0  __rtentry.o(.ARM.Collect$$rtentry$$00000000)
    __rt_entry_presh_1                       0x08000207   Thumb Code     0  __rtentry2.o(.ARM.Collect$$rtentry$$00000002)
    __rt_entry_sh                            0x08000207   Thumb Code     0  __rtentry4.o(.ARM.Collect$$rtentry$$00000004)
    __rt_entry_li                            0x0800020d   Thumb Code     0  __rtentry2.o(.ARM.Collect$$rtentry$$0000000A)
    __rt_entry_postsh_1                      0x0800020d   Thumb Code     0  __rtentry2.o(.ARM.Collect$$rtentry$$00000009)
    __rt_entry_main                          0x08000211   Thumb Code     0  __rtentry2.o(.ARM.Collect$$rtentry$$0000000D)
    __rt_entry_postli_1                      0x08000211   Thumb Code     0  __rtentry2.o(.ARM.Collect$$rtentry$$0000000C)
    __rt_exit                                0x08000219   Thumb Code     0  rtexit.o(.ARM.Collect$$rtexit$$00000000)
    __rt_exit_ls                             0x0800021b   Thumb Code     0  rtexit2.o(.ARM.Collect$$rtexit$$00000003)
    __rt_exit_prels_1                        0x0800021b   Thumb Code     0  rtexit2.o(.ARM.Collect$$rtexit$$00000002)
    __rt_exit_exit                           0x0800021f   Thumb Code     0  rtexit2.o(.ARM.Collect$$rtexit$$00000004)
    rand                                     0x08000225   Thumb Code    48  rand.o(.emb_text)
    gui_draw_hline                           0x08000259   Thumb Code    36  main.o(.text)
    gui_fill_circle                          0x0800027d   Thumb Code   176  main.o(.text)
    my_abs                                   0x0800032d   Thumb Code    18  main.o(.text)
    lcd_draw_bline                           0x0800033f   Thumb Code   212  main.o(.text)
    jd_init                                  0x08000413   Thumb Code    38  main.o(.text)
    xiangxia_1                               0x08000439   Thumb Code   382  main.o(.text)
    xiangxia_2                               0x080005b7   Thumb Code   248  main.o(.text)
    xiangxia_2_2                             0x080006af   Thumb Code   102  main.o(.text)
    chushi                                   0x08000715   Thumb Code   150  main.o(.text)
    fill_cla                                 0x080007ab   Thumb Code    58  main.o(.text)
    fill_cla_lv                              0x080007e5   Thumb Code    80  main.o(.text)
    fill_cla_qian                            0x08000835   Thumb Code    60  main.o(.text)
    fill_cla_zong                            0x08000871   Thumb Code    60  main.o(.text)
    fill_cla_hui                             0x080008ad   Thumb Code    60  main.o(.text)
    chushi_classic                           0x080008e9   Thumb Code   124  main.o(.text)
    findmin_y                                0x08000965   Thumb Code    54  main.o(.text)
    main                                     0x0800099b   Thumb Code 11618  main.o(.text)
    TIM3_IRQHandler                          0x080036fd   Thumb Code   772  main.o(.text)
    NMI_Handler                              0x08003a25   Thumb Code     2  stm32f10x_it.o(.text)
    HardFault_Handler                        0x08003a27   Thumb Code     4  stm32f10x_it.o(.text)
    MemManage_Handler                        0x08003a2b   Thumb Code     4  stm32f10x_it.o(.text)
    BusFault_Handler                         0x08003a2f   Thumb Code     4  stm32f10x_it.o(.text)
    UsageFault_Handler                       0x08003a33   Thumb Code     4  stm32f10x_it.o(.text)
    SVC_Handler                              0x08003a37   Thumb Code     2  stm32f10x_it.o(.text)
    DebugMon_Handler                         0x08003a39   Thumb Code     2  stm32f10x_it.o(.text)
    PendSV_Handler                           0x08003a3b   Thumb Code     2  stm32f10x_it.o(.text)
    SysTick_Handler                          0x08003a3d   Thumb Code     2  stm32f10x_it.o(.text)
    SystemInit                               0x08003b1f   Thumb Code    78  system_stm32f10x.o(.text)
    SystemCoreClockUpdate                    0x08003b6d   Thumb Code   142  system_stm32f10x.o(.text)
    LED_Init                                 0x08003c21   Thumb Code    68  led.o(.text)
    LCD_WR_REG                               0x08003c6d   Thumb Code     6  lcd.o(.text)
    LCD_WR_DATA                              0x08003c73   Thumb Code     8  lcd.o(.text)
    LCD_RD_DATA                              0x08003c7b   Thumb Code    16  lcd.o(.text)
    LCD_WriteReg                             0x08003c8b   Thumb Code    10  lcd.o(.text)
    LCD_ReadReg                              0x08003c95   Thumb Code    22  lcd.o(.text)
    LCD_WriteRAM_Prepare                     0x08003cab   Thumb Code    10  lcd.o(.text)
    LCD_WriteRAM                             0x08003cb5   Thumb Code     8  lcd.o(.text)
    LCD_BGR2RGB                              0x08003cbd   Thumb Code    26  lcd.o(.text)
    opt_delay                                0x08003cd7   Thumb Code    14  lcd.o(.text)
    LCD_SetCursor                            0x08003ce5   Thumb Code   418  lcd.o(.text)
    LCD_ReadPoint                            0x08003e87   Thumb Code   360  lcd.o(.text)
    LCD_DisplayOn                            0x08003fef   Thumb Code   102  lcd.o(.text)
    LCD_DisplayOff                           0x08004055   Thumb Code    90  lcd.o(.text)
    LCD_Scan_Dir                             0x080040af   Thumb Code   744  lcd.o(.text)
    LCD_DrawPoint                            0x08004397   Thumb Code    28  lcd.o(.text)
    LCD_Fast_DrawPoint                       0x080043b3   Thumb Code   384  lcd.o(.text)
    LCD_SSD_BackLightSet                     0x08004533   Thumb Code    80  lcd.o(.text)
    LCD_Display_Dir                          0x08004583   Thumb Code   444  lcd.o(.text)
    LCD_Set_Window                           0x0800473f   Thumb Code   540  lcd.o(.text)
    LCD_Clear                                0x0800495b   Thumb Code   100  lcd.o(.text)
    LCD_Init                                 0x080049bf   Thumb Code 14184  lcd.o(.text)
    LCD_Fill                                 0x08008127   Thumb Code   178  lcd.o(.text)
    LCD_Color_Fill                           0x080081d9   Thumb Code   106  lcd.o(.text)
    LCD_DrawLine                             0x08008243   Thumb Code   176  lcd.o(.text)
    LCD_DrawRectangle                        0x080082f3   Thumb Code    60  lcd.o(.text)
    LCD_Draw_Circle                          0x0800832f   Thumb Code   152  lcd.o(.text)
    LCD_ShowChar                             0x080083c7   Thumb Code   272  lcd.o(.text)
    LCD_Pow                                  0x080084d7   Thumb Code    22  lcd.o(.text)
    LCD_ShowNum                              0x080084ed   Thumb Code   148  lcd.o(.text)
    LCD_ShowxNum                             0x08008581   Thumb Code   220  lcd.o(.text)
    LCD_ShowString                           0x0800865d   Thumb Code   102  lcd.o(.text)
    LCD_Fill_zhx                             0x080086c3   Thumb Code   186  lcd.o(.text)
    clear                                    0x0800877d   Thumb Code    24  lcd.o(.text)
    IIC_Init                                 0x0800879d   Thumb Code    46  myiic.o(.text)
    IIC_Start                                0x080087cb   Thumb Code    64  myiic.o(.text)
    IIC_Stop                                 0x0800880b   Thumb Code    66  myiic.o(.text)
    IIC_Wait_Ack                             0x0800884d   Thumb Code    86  myiic.o(.text)
    IIC_Ack                                  0x080088a3   Thumb Code    70  myiic.o(.text)
    IIC_NAck                                 0x080088e9   Thumb Code    70  myiic.o(.text)
    IIC_Send_Byte                            0x0800892f   Thumb Code   104  myiic.o(.text)
    IIC_Read_Byte                            0x08008997   Thumb Code   100  myiic.o(.text)
    AT24CXX_Init                             0x08008a09   Thumb Code     8  24cxx.o(.text)
    AT24CXX_ReadOneByte                      0x08008a11   Thumb Code    88  24cxx.o(.text)
    AT24CXX_WriteOneByte                     0x08008a69   Thumb Code    80  24cxx.o(.text)
    AT24CXX_WriteLenByte                     0x08008ab9   Thumb Code    42  24cxx.o(.text)
    AT24CXX_ReadLenByte                      0x08008ae3   Thumb Code    44  24cxx.o(.text)
    AT24CXX_Check                            0x08008b0f   Thumb Code    46  24cxx.o(.text)
    AT24CXX_Read                             0x08008b3d   Thumb Code    34  24cxx.o(.text)
    AT24CXX_Write                            0x08008b5f   Thumb Code    36  24cxx.o(.text)
    SPI2_ReadWriteByte                       0x08008b85   Thumb Code    78  spi.o(.text)
    SPI2_Init                                0x08008bd3   Thumb Code   140  spi.o(.text)
    SPI2_SetSpeed                            0x08008c5f   Thumb Code    36  spi.o(.text)
    W25QXX_ReadID                            0x08008c8d   Thumb Code    64  w25qxx.o(.text)
    W25QXX_Init                              0x08008ccd   Thumb Code    74  w25qxx.o(.text)
    W25QXX_ReadSR                            0x08008d17   Thumb Code    36  w25qxx.o(.text)
    W25QXX_Write_SR                          0x08008d3b   Thumb Code    32  w25qxx.o(.text)
    W25QXX_Write_Enable                      0x08008d5b   Thumb Code    24  w25qxx.o(.text)
    W25QXX_Write_Disable                     0x08008d73   Thumb Code    24  w25qxx.o(.text)
    W25QXX_Read                              0x08008d8b   Thumb Code    74  w25qxx.o(.text)
    W25QXX_Wait_Busy                         0x08008dd5   Thumb Code    18  w25qxx.o(.text)
    W25QXX_Write_Page                        0x08008de7   Thumb Code    80  w25qxx.o(.text)
    W25QXX_Write_NoCheck                     0x08008e37   Thumb Code    70  w25qxx.o(.text)
    W25QXX_Erase_Sector                      0x08008e7d   Thumb Code    70  w25qxx.o(.text)
    W25QXX_Write                             0x08008ec3   Thumb Code   180  w25qxx.o(.text)
    W25QXX_Erase_Chip                        0x08008f77   Thumb Code    36  w25qxx.o(.text)
    W25QXX_PowerDown                         0x08008f9b   Thumb Code    30  w25qxx.o(.text)
    W25QXX_WAKEUP                            0x08008fb9   Thumb Code    30  w25qxx.o(.text)
    TP_Write_Byte                            0x08008ff5   Thumb Code    64  touch.o(.text)
    TP_Read_AD                               0x08009035   Thumb Code   136  touch.o(.text)
    TP_Read_XOY                              0x080090bd   Thumb Code   120  touch.o(.text)
    TP_Read_XY                               0x08009135   Thumb Code    38  touch.o(.text)
    TP_Read_XY2                              0x0800915b   Thumb Code   192  touch.o(.text)
    TP_Drow_Touch_Point                      0x0800921b   Thumb Code   108  touch.o(.text)
    TP_Draw_Big_Point                        0x08009287   Thumb Code    54  touch.o(.text)
    TP_Scan                                  0x080092bd   Thumb Code   264  touch.o(.text)
    TP_Save_Adjdata                          0x080093c5   Thumb Code    24  touch.o(.text)
    TP_Get_Adjdata                           0x080093dd   Thumb Code   104  touch.o(.text)
    TP_Adj_Info_Show                         0x08009445   Thumb Code   374  touch.o(.text)
    TP_Adjust                                0x080095bb   Thumb Code  2128  touch.o(.text)
    TP_Init                                  0x08009e0b   Thumb Code   330  touch.o(.text)
    CT_Delay                                 0x08009fa9   Thumb Code    10  ctiic.o(.text)
    CT_IIC_Init                              0x08009fb3   Thumb Code    72  ctiic.o(.text)
    CT_IIC_Start                             0x08009ffb   Thumb Code    66  ctiic.o(.text)
    CT_IIC_Stop                              0x0800a03d   Thumb Code    60  ctiic.o(.text)
    CT_IIC_Wait_Ack                          0x0800a079   Thumb Code    86  ctiic.o(.text)
    CT_IIC_Ack                               0x0800a0cf   Thumb Code    70  ctiic.o(.text)
    CT_IIC_NAck                              0x0800a115   Thumb Code    70  ctiic.o(.text)
    CT_IIC_Send_Byte                         0x0800a15b   Thumb Code    86  ctiic.o(.text)
    CT_IIC_Read_Byte                         0x0800a1b1   Thumb Code   100  ctiic.o(.text)
    OTT2001A_WR_Reg                          0x0800a22d   Thumb Code    92  ott2001a.o(.text)
    OTT2001A_RD_Reg                          0x0800a289   Thumb Code    98  ott2001a.o(.text)
    OTT2001A_SensorControl                   0x0800a2eb   Thumb Code    28  ott2001a.o(.text)
    OTT2001A_Init                            0x0800a307   Thumb Code   156  ott2001a.o(.text)
    OTT2001A_Scan                            0x0800a3a3   Thumb Code   446  ott2001a.o(.text)
    FT5206_WR_Reg                            0x0800a599   Thumb Code    82  ft5206.o(.text)
    FT5206_RD_Reg                            0x0800a5eb   Thumb Code    88  ft5206.o(.text)
    FT5206_Init                              0x0800a643   Thumb Code   216  ft5206.o(.text)
    FT5206_Scan                              0x0800a71b   Thumb Code   400  ft5206.o(.text)
    GT9147_WR_Reg                            0x0800a8d1   Thumb Code    92  gt9147.o(.text)
    GT9147_Send_Cfg                          0x0800a92d   Thumb Code    86  gt9147.o(.text)
    GT9147_RD_Reg                            0x0800a983   Thumb Code    98  gt9147.o(.text)
    GT9147_Init                              0x0800a9e5   Thumb Code   268  gt9147.o(.text)
    GT9147_Scan                              0x0800aaf1   Thumb Code   494  gt9147.o(.text)
    time4_init                               0x0800ad29   Thumb Code    88  timer.o(.text)
    TIM4_IRQHandler                          0x0800ad81   Thumb Code    40  timer.o(.text)
    TIM3_Int_Init                            0x0800ada9   Thumb Code    90  timer.o(.text)
    TIM2_Int_Init                            0x0800ae03   Thumb Code    92  timer.o(.text)
    TIM2_IRQHandler                          0x0800ae5f   Thumb Code    32  timer.o(.text)
    TIM1_PWM_Init                            0x0800ae95   Thumb Code   148  beep.o(.text)
    change_fre                               0x0800af29   Thumb Code    70  beep.o(.text)
    Two_tiger                                0x0800af6f   Thumb Code    80  beep.o(.text)
    delay_init                               0x0800afd9   Thumb Code    50  delay.o(.text)
    delay_us                                 0x0800b00b   Thumb Code    72  delay.o(.text)
    delay_ms                                 0x0800b053   Thumb Code    72  delay.o(.text)
    _sys_exit                                0x0800b0ad   Thumb Code     6  usart.o(.text)
    fputc                                    0x0800b0b3   Thumb Code    24  usart.o(.text)
    uart_init                                0x0800b0cb   Thumb Code   152  usart.o(.text)
    USART1_IRQHandler                        0x0800b163   Thumb Code   122  usart.o(.text)
    Reset_Handler                            0x0800b1ed   Thumb Code     8  startup_stm32f10x_hd.o(.text)
    ADC1_2_IRQHandler                        0x0800b207   Thumb Code     0  startup_stm32f10x_hd.o(.text)
    ADC3_IRQHandler                          0x0800b207   Thumb Code     0  startup_stm32f10x_hd.o(.text)
    CAN1_RX1_IRQHandler                      0x0800b207   Thumb Code     0  startup_stm32f10x_hd.o(.text)
    CAN1_SCE_IRQHandler                      0x0800b207   Thumb Code     0  startup_stm32f10x_hd.o(.text)
    DMA1_Channel1_IRQHandler                 0x0800b207   Thumb Code     0  startup_stm32f10x_hd.o(.text)
    DMA1_Channel2_IRQHandler                 0x0800b207   Thumb Code     0  startup_stm32f10x_hd.o(.text)
    DMA1_Channel3_IRQHandler                 0x0800b207   Thumb Code     0  startup_stm32f10x_hd.o(.text)
    DMA1_Channel4_IRQHandler                 0x0800b207   Thumb Code     0  startup_stm32f10x_hd.o(.text)
    DMA1_Channel5_IRQHandler                 0x0800b207   Thumb Code     0  startup_stm32f10x_hd.o(.text)
    DMA1_Channel6_IRQHandler                 0x0800b207   Thumb Code     0  startup_stm32f10x_hd.o(.text)
    DMA1_Channel7_IRQHandler                 0x0800b207   Thumb Code     0  startup_stm32f10x_hd.o(.text)
    DMA2_Channel1_IRQHandler                 0x0800b207   Thumb Code     0  startup_stm32f10x_hd.o(.text)
    DMA2_Channel2_IRQHandler                 0x0800b207   Thumb Code     0  startup_stm32f10x_hd.o(.text)
    DMA2_Channel3_IRQHandler                 0x0800b207   Thumb Code     0  startup_stm32f10x_hd.o(.text)
    DMA2_Channel4_5_IRQHandler               0x0800b207   Thumb Code     0  startup_stm32f10x_hd.o(.text)
    EXTI0_IRQHandler                         0x0800b207   Thumb Code     0  startup_stm32f10x_hd.o(.text)
    EXTI15_10_IRQHandler                     0x0800b207   Thumb Code     0  startup_stm32f10x_hd.o(.text)
    EXTI1_IRQHandler                         0x0800b207   Thumb Code     0  startup_stm32f10x_hd.o(.text)
    EXTI2_IRQHandler                         0x0800b207   Thumb Code     0  startup_stm32f10x_hd.o(.text)
    EXTI3_IRQHandler                         0x0800b207   Thumb Code     0  startup_stm32f10x_hd.o(.text)
    EXTI4_IRQHandler                         0x0800b207   Thumb Code     0  startup_stm32f10x_hd.o(.text)
    EXTI9_5_IRQHandler                       0x0800b207   Thumb Code     0  startup_stm32f10x_hd.o(.text)
    FLASH_IRQHandler                         0x0800b207   Thumb Code     0  startup_stm32f10x_hd.o(.text)
    FSMC_IRQHandler                          0x0800b207   Thumb Code     0  startup_stm32f10x_hd.o(.text)
    I2C1_ER_IRQHandler                       0x0800b207   Thumb Code     0  startup_stm32f10x_hd.o(.text)
    I2C1_EV_IRQHandler                       0x0800b207   Thumb Code     0  startup_stm32f10x_hd.o(.text)
    I2C2_ER_IRQHandler                       0x0800b207   Thumb Code     0  startup_stm32f10x_hd.o(.text)
    I2C2_EV_IRQHandler                       0x0800b207   Thumb Code     0  startup_stm32f10x_hd.o(.text)
    PVD_IRQHandler                           0x0800b207   Thumb Code     0  startup_stm32f10x_hd.o(.text)
    RCC_IRQHandler                           0x0800b207   Thumb Code     0  startup_stm32f10x_hd.o(.text)
    RTCAlarm_IRQHandler                      0x0800b207   Thumb Code     0  startup_stm32f10x_hd.o(.text)
    RTC_IRQHandler                           0x0800b207   Thumb Code     0  startup_stm32f10x_hd.o(.text)
    SDIO_IRQHandler                          0x0800b207   Thumb Code     0  startup_stm32f10x_hd.o(.text)
    SPI1_IRQHandler                          0x0800b207   Thumb Code     0  startup_stm32f10x_hd.o(.text)
    SPI2_IRQHandler                          0x0800b207   Thumb Code     0  startup_stm32f10x_hd.o(.text)
    SPI3_IRQHandler                          0x0800b207   Thumb Code     0  startup_stm32f10x_hd.o(.text)
    TAMPER_IRQHandler                        0x0800b207   Thumb Code     0  startup_stm32f10x_hd.o(.text)
    TIM1_BRK_IRQHandler                      0x0800b207   Thumb Code     0  startup_stm32f10x_hd.o(.text)
    TIM1_CC_IRQHandler                       0x0800b207   Thumb Code     0  startup_stm32f10x_hd.o(.text)
    TIM1_TRG_COM_IRQHandler                  0x0800b207   Thumb Code     0  startup_stm32f10x_hd.o(.text)
    TIM1_UP_IRQHandler                       0x0800b207   Thumb Code     0  startup_stm32f10x_hd.o(.text)
    TIM5_IRQHandler                          0x0800b207   Thumb Code     0  startup_stm32f10x_hd.o(.text)
    TIM6_IRQHandler                          0x0800b207   Thumb Code     0  startup_stm32f10x_hd.o(.text)
    TIM7_IRQHandler                          0x0800b207   Thumb Code     0  startup_stm32f10x_hd.o(.text)
    TIM8_BRK_IRQHandler                      0x0800b207   Thumb Code     0  startup_stm32f10x_hd.o(.text)
    TIM8_CC_IRQHandler                       0x0800b207   Thumb Code     0  startup_stm32f10x_hd.o(.text)
    TIM8_TRG_COM_IRQHandler                  0x0800b207   Thumb Code     0  startup_stm32f10x_hd.o(.text)
    TIM8_UP_IRQHandler                       0x0800b207   Thumb Code     0  startup_stm32f10x_hd.o(.text)
    UART4_IRQHandler                         0x0800b207   Thumb Code     0  startup_stm32f10x_hd.o(.text)
    UART5_IRQHandler                         0x0800b207   Thumb Code     0  startup_stm32f10x_hd.o(.text)
    USART2_IRQHandler                        0x0800b207   Thumb Code     0  startup_stm32f10x_hd.o(.text)
    USART3_IRQHandler                        0x0800b207   Thumb Code     0  startup_stm32f10x_hd.o(.text)
    USBWakeUp_IRQHandler                     0x0800b207   Thumb Code     0  startup_stm32f10x_hd.o(.text)
    USB_HP_CAN1_TX_IRQHandler                0x0800b207   Thumb Code     0  startup_stm32f10x_hd.o(.text)
    USB_LP_CAN1_RX0_IRQHandler               0x0800b207   Thumb Code     0  startup_stm32f10x_hd.o(.text)
    WWDG_IRQHandler                          0x0800b207   Thumb Code     0  startup_stm32f10x_hd.o(.text)
    __user_initial_stackheap                 0x0800b209   Thumb Code     0  startup_stm32f10x_hd.o(.text)
    NVIC_PriorityGroupConfig                 0x0800b22d   Thumb Code    10  misc.o(.text)
    NVIC_Init                                0x0800b237   Thumb Code   100  misc.o(.text)
    NVIC_SetVectorTable                      0x0800b29b   Thumb Code    14  misc.o(.text)
    NVIC_SystemLPConfig                      0x0800b2a9   Thumb Code    34  misc.o(.text)
    SysTick_CLKSourceConfig                  0x0800b2cb   Thumb Code    40  misc.o(.text)
    FSMC_NORSRAMDeInit                       0x0800b309   Thumb Code    54  stm32f10x_fsmc.o(.text)
    FSMC_NANDDeInit                          0x0800b33f   Thumb Code    62  stm32f10x_fsmc.o(.text)
    FSMC_PCCARDDeInit                        0x0800b37d   Thumb Code    36  stm32f10x_fsmc.o(.text)
    FSMC_NORSRAMInit                         0x0800b3a1   Thumb Code   230  stm32f10x_fsmc.o(.text)
    FSMC_NANDInit                            0x0800b487   Thumb Code   132  stm32f10x_fsmc.o(.text)
    FSMC_PCCARDInit                          0x0800b50b   Thumb Code   130  stm32f10x_fsmc.o(.text)
    FSMC_NORSRAMStructInit                   0x0800b58d   Thumb Code   114  stm32f10x_fsmc.o(.text)
    FSMC_NANDStructInit                      0x0800b5ff   Thumb Code    54  stm32f10x_fsmc.o(.text)
    FSMC_PCCARDStructInit                    0x0800b635   Thumb Code    60  stm32f10x_fsmc.o(.text)
    FSMC_NORSRAMCmd                          0x0800b671   Thumb Code    46  stm32f10x_fsmc.o(.text)
    FSMC_NANDCmd                             0x0800b69f   Thumb Code    86  stm32f10x_fsmc.o(.text)
    FSMC_PCCARDCmd                           0x0800b6f5   Thumb Code    44  stm32f10x_fsmc.o(.text)
    FSMC_NANDECCCmd                          0x0800b721   Thumb Code    90  stm32f10x_fsmc.o(.text)
    FSMC_GetECC                              0x0800b77b   Thumb Code    24  stm32f10x_fsmc.o(.text)
    FSMC_ITConfig                            0x0800b793   Thumb Code   128  stm32f10x_fsmc.o(.text)
    FSMC_GetFlagStatus                       0x0800b813   Thumb Code    54  stm32f10x_fsmc.o(.text)
    FSMC_ClearFlag                           0x0800b849   Thumb Code    62  stm32f10x_fsmc.o(.text)
    FSMC_GetITStatus                         0x0800b887   Thumb Code    64  stm32f10x_fsmc.o(.text)
    FSMC_ClearITPendingBit                   0x0800b8c7   Thumb Code    68  stm32f10x_fsmc.o(.text)
    GPIO_DeInit                              0x0800b915   Thumb Code   172  stm32f10x_gpio.o(.text)
    GPIO_AFIODeInit                          0x0800b9c1   Thumb Code    20  stm32f10x_gpio.o(.text)
    GPIO_Init                                0x0800b9d5   Thumb Code   278  stm32f10x_gpio.o(.text)
    GPIO_StructInit                          0x0800baeb   Thumb Code    16  stm32f10x_gpio.o(.text)
    GPIO_ReadInputDataBit                    0x0800bafb   Thumb Code    18  stm32f10x_gpio.o(.text)
    GPIO_ReadInputData                       0x0800bb0d   Thumb Code     8  stm32f10x_gpio.o(.text)
    GPIO_ReadOutputDataBit                   0x0800bb15   Thumb Code    18  stm32f10x_gpio.o(.text)
    GPIO_ReadOutputData                      0x0800bb27   Thumb Code     8  stm32f10x_gpio.o(.text)
    GPIO_SetBits                             0x0800bb2f   Thumb Code     4  stm32f10x_gpio.o(.text)
    GPIO_ResetBits                           0x0800bb33   Thumb Code     4  stm32f10x_gpio.o(.text)
    GPIO_WriteBit                            0x0800bb37   Thumb Code    10  stm32f10x_gpio.o(.text)
    GPIO_Write                               0x0800bb41   Thumb Code     4  stm32f10x_gpio.o(.text)
    GPIO_PinLockConfig                       0x0800bb45   Thumb Code    18  stm32f10x_gpio.o(.text)
    GPIO_EventOutputConfig                   0x0800bb57   Thumb Code    26  stm32f10x_gpio.o(.text)
    GPIO_EventOutputCmd                      0x0800bb71   Thumb Code     6  stm32f10x_gpio.o(.text)
    GPIO_PinRemapConfig                      0x0800bb77   Thumb Code   138  stm32f10x_gpio.o(.text)
    GPIO_EXTILineConfig                      0x0800bc01   Thumb Code    66  stm32f10x_gpio.o(.text)
    GPIO_ETH_MediaInterfaceConfig            0x0800bc43   Thumb Code     8  stm32f10x_gpio.o(.text)
    RCC_DeInit                               0x0800bc71   Thumb Code    64  stm32f10x_rcc.o(.text)
    RCC_HSEConfig                            0x0800bcb1   Thumb Code    70  stm32f10x_rcc.o(.text)
    RCC_GetFlagStatus                        0x0800bcf7   Thumb Code    56  stm32f10x_rcc.o(.text)
    RCC_WaitForHSEStartUp                    0x0800bd2f   Thumb Code    56  stm32f10x_rcc.o(.text)
    RCC_AdjustHSICalibrationValue            0x0800bd67   Thumb Code    20  stm32f10x_rcc.o(.text)
    RCC_HSICmd                               0x0800bd7b   Thumb Code     6  stm32f10x_rcc.o(.text)
    RCC_PLLConfig                            0x0800bd81   Thumb Code    24  stm32f10x_rcc.o(.text)
    RCC_PLLCmd                               0x0800bd99   Thumb Code     6  stm32f10x_rcc.o(.text)
    RCC_SYSCLKConfig                         0x0800bd9f   Thumb Code    18  stm32f10x_rcc.o(.text)
    RCC_GetSYSCLKSource                      0x0800bdb1   Thumb Code    10  stm32f10x_rcc.o(.text)
    RCC_HCLKConfig                           0x0800bdbb   Thumb Code    18  stm32f10x_rcc.o(.text)
    RCC_PCLK1Config                          0x0800bdcd   Thumb Code    18  stm32f10x_rcc.o(.text)
    RCC_PCLK2Config                          0x0800bddf   Thumb Code    20  stm32f10x_rcc.o(.text)
    RCC_ITConfig                             0x0800bdf3   Thumb Code    26  stm32f10x_rcc.o(.text)
    RCC_USBCLKConfig                         0x0800be0d   Thumb Code     8  stm32f10x_rcc.o(.text)
    RCC_ADCCLKConfig                         0x0800be15   Thumb Code    18  stm32f10x_rcc.o(.text)
    RCC_LSEConfig                            0x0800be27   Thumb Code    50  stm32f10x_rcc.o(.text)
    RCC_LSICmd                               0x0800be59   Thumb Code     6  stm32f10x_rcc.o(.text)
    RCC_RTCCLKConfig                         0x0800be5f   Thumb Code    12  stm32f10x_rcc.o(.text)
    RCC_RTCCLKCmd                            0x0800be6b   Thumb Code     8  stm32f10x_rcc.o(.text)
    RCC_GetClocksFreq                        0x0800be73   Thumb Code   192  stm32f10x_rcc.o(.text)
    RCC_AHBPeriphClockCmd                    0x0800bf33   Thumb Code    26  stm32f10x_rcc.o(.text)
    RCC_APB2PeriphClockCmd                   0x0800bf4d   Thumb Code    26  stm32f10x_rcc.o(.text)
    RCC_APB1PeriphClockCmd                   0x0800bf67   Thumb Code    26  stm32f10x_rcc.o(.text)
    RCC_APB2PeriphResetCmd                   0x0800bf81   Thumb Code    26  stm32f10x_rcc.o(.text)
    RCC_APB1PeriphResetCmd                   0x0800bf9b   Thumb Code    26  stm32f10x_rcc.o(.text)
    RCC_BackupResetCmd                       0x0800bfb5   Thumb Code     8  stm32f10x_rcc.o(.text)
    RCC_ClockSecuritySystemCmd               0x0800bfbd   Thumb Code     6  stm32f10x_rcc.o(.text)
    RCC_MCOConfig                            0x0800bfc3   Thumb Code     6  stm32f10x_rcc.o(.text)
    RCC_ClearFlag                            0x0800bfc9   Thumb Code    14  stm32f10x_rcc.o(.text)
    RCC_GetITStatus                          0x0800bfd7   Thumb Code    20  stm32f10x_rcc.o(.text)
    RCC_ClearITPendingBit                    0x0800bfeb   Thumb Code     6  stm32f10x_rcc.o(.text)
    SPI_I2S_DeInit                           0x0800c015   Thumb Code    76  stm32f10x_spi.o(.text)
    SPI_Init                                 0x0800c061   Thumb Code    60  stm32f10x_spi.o(.text)
    I2S_Init                                 0x0800c09d   Thumb Code   226  stm32f10x_spi.o(.text)
    SPI_StructInit                           0x0800c17f   Thumb Code    24  stm32f10x_spi.o(.text)
    I2S_StructInit                           0x0800c197   Thumb Code    20  stm32f10x_spi.o(.text)
    SPI_Cmd                                  0x0800c1ab   Thumb Code    24  stm32f10x_spi.o(.text)
    I2S_Cmd                                  0x0800c1c3   Thumb Code    24  stm32f10x_spi.o(.text)
    SPI_I2S_ITConfig                         0x0800c1db   Thumb Code    32  stm32f10x_spi.o(.text)
    SPI_I2S_DMACmd                           0x0800c1fb   Thumb Code    18  stm32f10x_spi.o(.text)
    SPI_I2S_SendData                         0x0800c20d   Thumb Code     4  stm32f10x_spi.o(.text)
    SPI_I2S_ReceiveData                      0x0800c211   Thumb Code     6  stm32f10x_spi.o(.text)
    SPI_NSSInternalSoftwareConfig            0x0800c217   Thumb Code    30  stm32f10x_spi.o(.text)
    SPI_SSOutputCmd                          0x0800c235   Thumb Code    24  stm32f10x_spi.o(.text)
    SPI_DataSizeConfig                       0x0800c24d   Thumb Code    18  stm32f10x_spi.o(.text)
    SPI_TransmitCRC                          0x0800c25f   Thumb Code    10  stm32f10x_spi.o(.text)
    SPI_CalculateCRC                         0x0800c269   Thumb Code    24  stm32f10x_spi.o(.text)
    SPI_GetCRC                               0x0800c281   Thumb Code    16  stm32f10x_spi.o(.text)
    SPI_GetCRCPolynomial                     0x0800c291   Thumb Code     6  stm32f10x_spi.o(.text)
    SPI_BiDirectionalLineConfig              0x0800c297   Thumb Code    28  stm32f10x_spi.o(.text)
    SPI_I2S_GetFlagStatus                    0x0800c2b3   Thumb Code    18  stm32f10x_spi.o(.text)
    SPI_I2S_ClearFlag                        0x0800c2c5   Thumb Code     6  stm32f10x_spi.o(.text)
    SPI_I2S_GetITStatus                      0x0800c2cb   Thumb Code    52  stm32f10x_spi.o(.text)
    SPI_I2S_ClearITPendingBit                0x0800c2ff   Thumb Code    20  stm32f10x_spi.o(.text)
    USART_DeInit                             0x0800c321   Thumb Code   134  stm32f10x_usart.o(.text)
    USART_Init                               0x0800c3a7   Thumb Code   210  stm32f10x_usart.o(.text)
    USART_StructInit                         0x0800c479   Thumb Code    24  stm32f10x_usart.o(.text)
    USART_ClockInit                          0x0800c491   Thumb Code    34  stm32f10x_usart.o(.text)
    USART_ClockStructInit                    0x0800c4b3   Thumb Code    12  stm32f10x_usart.o(.text)
    USART_Cmd                                0x0800c4bf   Thumb Code    24  stm32f10x_usart.o(.text)
    USART_ITConfig                           0x0800c4d7   Thumb Code    74  stm32f10x_usart.o(.text)
    USART_DMACmd                             0x0800c521   Thumb Code    18  stm32f10x_usart.o(.text)
    USART_SetAddress                         0x0800c533   Thumb Code    18  stm32f10x_usart.o(.text)
    USART_WakeUpConfig                       0x0800c545   Thumb Code    18  stm32f10x_usart.o(.text)
    USART_ReceiverWakeUpCmd                  0x0800c557   Thumb Code    24  stm32f10x_usart.o(.text)
    USART_LINBreakDetectLengthConfig         0x0800c56f   Thumb Code    18  stm32f10x_usart.o(.text)
    USART_LINCmd                             0x0800c581   Thumb Code    24  stm32f10x_usart.o(.text)
    USART_SendData                           0x0800c599   Thumb Code     8  stm32f10x_usart.o(.text)
    USART_ReceiveData                        0x0800c5a1   Thumb Code    10  stm32f10x_usart.o(.text)
    USART_SendBreak                          0x0800c5ab   Thumb Code    10  stm32f10x_usart.o(.text)
    USART_SetGuardTime                       0x0800c5b5   Thumb Code    16  stm32f10x_usart.o(.text)
    USART_SetPrescaler                       0x0800c5c5   Thumb Code    16  stm32f10x_usart.o(.text)
    USART_SmartCardCmd                       0x0800c5d5   Thumb Code    24  stm32f10x_usart.o(.text)
    USART_SmartCardNACKCmd                   0x0800c5ed   Thumb Code    24  stm32f10x_usart.o(.text)
    USART_HalfDuplexCmd                      0x0800c605   Thumb Code    24  stm32f10x_usart.o(.text)
    USART_OverSampling8Cmd                   0x0800c61d   Thumb Code    22  stm32f10x_usart.o(.text)
    USART_OneBitMethodCmd                    0x0800c633   Thumb Code    24  stm32f10x_usart.o(.text)
    USART_IrDAConfig                         0x0800c64b   Thumb Code    18  stm32f10x_usart.o(.text)
    USART_IrDACmd                            0x0800c65d   Thumb Code    24  stm32f10x_usart.o(.text)
    USART_GetFlagStatus                      0x0800c675   Thumb Code    26  stm32f10x_usart.o(.text)
    USART_ClearFlag                          0x0800c68f   Thumb Code    18  stm32f10x_usart.o(.text)
    USART_GetITStatus                        0x0800c6a1   Thumb Code    84  stm32f10x_usart.o(.text)
    USART_ClearITPendingBit                  0x0800c6f5   Thumb Code    52  stm32f10x_usart.o(.text)
    TIM_DeInit                               0x0800c729   Thumb Code   424  stm32f10x_tim.o(.text)
    TIM_TimeBaseInit                         0x0800c8d1   Thumb Code   122  stm32f10x_tim.o(.text)
    TIM_OC1Init                              0x0800c94b   Thumb Code   132  stm32f10x_tim.o(.text)
    TIM_OC2Init                              0x0800c9cf   Thumb Code   154  stm32f10x_tim.o(.text)
    TIM_OC3Init                              0x0800ca69   Thumb Code   150  stm32f10x_tim.o(.text)
    TIM_OC4Init                              0x0800caff   Thumb Code   182  stm32f10x_tim.o(.text)
    TIM_SetIC4Prescaler                      0x0800cbb5   Thumb Code    26  stm32f10x_tim.o(.text)
    TIM_SetIC3Prescaler                      0x0800cc51   Thumb Code    18  stm32f10x_tim.o(.text)
    TIM_SetIC2Prescaler                      0x0800ccdd   Thumb Code    26  stm32f10x_tim.o(.text)
    TIM_SetIC1Prescaler                      0x0800cd79   Thumb Code    18  stm32f10x_tim.o(.text)
    TIM_ICInit                               0x0800cdf7   Thumb Code   150  stm32f10x_tim.o(.text)
    TIM_PWMIConfig                           0x0800ce8d   Thumb Code   124  stm32f10x_tim.o(.text)
    TIM_BDTRConfig                           0x0800cf09   Thumb Code    32  stm32f10x_tim.o(.text)
    TIM_TimeBaseStructInit                   0x0800cf29   Thumb Code    18  stm32f10x_tim.o(.text)
    TIM_OCStructInit                         0x0800cf3b   Thumb Code    20  stm32f10x_tim.o(.text)
    TIM_ICStructInit                         0x0800cf4f   Thumb Code    18  stm32f10x_tim.o(.text)
    TIM_BDTRStructInit                       0x0800cf61   Thumb Code    40  stm32f10x_tim.o(.text)
    TIM_Cmd                                  0x0800cf89   Thumb Code    24  stm32f10x_tim.o(.text)
    TIM_CtrlPWMOutputs                       0x0800cfa1   Thumb Code    30  stm32f10x_tim.o(.text)
    TIM_ITConfig                             0x0800cfbf   Thumb Code    18  stm32f10x_tim.o(.text)
    TIM_GenerateEvent                        0x0800cfd1   Thumb Code     4  stm32f10x_tim.o(.text)
    TIM_DMAConfig                            0x0800cfd5   Thumb Code    10  stm32f10x_tim.o(.text)
    TIM_DMACmd                               0x0800cfdf   Thumb Code    18  stm32f10x_tim.o(.text)
    TIM_InternalClockConfig                  0x0800cff1   Thumb Code    12  stm32f10x_tim.o(.text)
    TIM_SelectInputTrigger                   0x0800cffd   Thumb Code    18  stm32f10x_tim.o(.text)
    TIM_ITRxExternalClockConfig              0x0800d00f   Thumb Code    24  stm32f10x_tim.o(.text)
    TIM_TIxExternalClockConfig               0x0800d027   Thumb Code    62  stm32f10x_tim.o(.text)
    TIM_ETRConfig                            0x0800d065   Thumb Code    28  stm32f10x_tim.o(.text)
    TIM_ETRClockMode1Config                  0x0800d081   Thumb Code    54  stm32f10x_tim.o(.text)
    TIM_ETRClockMode2Config                  0x0800d0b7   Thumb Code    32  stm32f10x_tim.o(.text)
    TIM_PrescalerConfig                      0x0800d0d7   Thumb Code     6  stm32f10x_tim.o(.text)
    TIM_CounterModeConfig                    0x0800d0dd   Thumb Code    18  stm32f10x_tim.o(.text)
    TIM_EncoderInterfaceConfig               0x0800d0ef   Thumb Code    66  stm32f10x_tim.o(.text)
    TIM_ForcedOC1Config                      0x0800d131   Thumb Code    18  stm32f10x_tim.o(.text)
    TIM_ForcedOC2Config                      0x0800d143   Thumb Code    26  stm32f10x_tim.o(.text)
    TIM_ForcedOC3Config                      0x0800d15d   Thumb Code    18  stm32f10x_tim.o(.text)
    TIM_ForcedOC4Config                      0x0800d16f   Thumb Code    26  stm32f10x_tim.o(.text)
    TIM_ARRPreloadConfig                     0x0800d189   Thumb Code    24  stm32f10x_tim.o(.text)
    TIM_SelectCOM                            0x0800d1a1   Thumb Code    24  stm32f10x_tim.o(.text)
    TIM_SelectCCDMA                          0x0800d1b9   Thumb Code    24  stm32f10x_tim.o(.text)
    TIM_CCPreloadControl                     0x0800d1d1   Thumb Code    24  stm32f10x_tim.o(.text)
    TIM_OC1PreloadConfig                     0x0800d1e9   Thumb Code    18  stm32f10x_tim.o(.text)
    TIM_OC2PreloadConfig                     0x0800d1fb   Thumb Code    26  stm32f10x_tim.o(.text)
    TIM_OC3PreloadConfig                     0x0800d215   Thumb Code    18  stm32f10x_tim.o(.text)
    TIM_OC4PreloadConfig                     0x0800d227   Thumb Code    26  stm32f10x_tim.o(.text)
    TIM_OC1FastConfig                        0x0800d241   Thumb Code    18  stm32f10x_tim.o(.text)
    TIM_OC2FastConfig                        0x0800d253   Thumb Code    26  stm32f10x_tim.o(.text)
    TIM_OC3FastConfig                        0x0800d26d   Thumb Code    18  stm32f10x_tim.o(.text)
    TIM_OC4FastConfig                        0x0800d27f   Thumb Code    26  stm32f10x_tim.o(.text)
    TIM_ClearOC1Ref                          0x0800d299   Thumb Code    18  stm32f10x_tim.o(.text)
    TIM_ClearOC2Ref                          0x0800d2ab   Thumb Code    24  stm32f10x_tim.o(.text)
    TIM_ClearOC3Ref                          0x0800d2c3   Thumb Code    18  stm32f10x_tim.o(.text)
    TIM_ClearOC4Ref                          0x0800d2d5   Thumb Code    24  stm32f10x_tim.o(.text)
    TIM_OC1PolarityConfig                    0x0800d2ed   Thumb Code    18  stm32f10x_tim.o(.text)
    TIM_OC1NPolarityConfig                   0x0800d2ff   Thumb Code    18  stm32f10x_tim.o(.text)
    TIM_OC2PolarityConfig                    0x0800d311   Thumb Code    26  stm32f10x_tim.o(.text)
    TIM_OC2NPolarityConfig                   0x0800d32b   Thumb Code    26  stm32f10x_tim.o(.text)
    TIM_OC3PolarityConfig                    0x0800d345   Thumb Code    26  stm32f10x_tim.o(.text)
    TIM_OC3NPolarityConfig                   0x0800d35f   Thumb Code    26  stm32f10x_tim.o(.text)
    TIM_OC4PolarityConfig                    0x0800d379   Thumb Code    26  stm32f10x_tim.o(.text)
    TIM_CCxCmd                               0x0800d393   Thumb Code    30  stm32f10x_tim.o(.text)
    TIM_CCxNCmd                              0x0800d3b1   Thumb Code    30  stm32f10x_tim.o(.text)
    TIM_SelectOCxM                           0x0800d3cf   Thumb Code    82  stm32f10x_tim.o(.text)
    TIM_UpdateDisableConfig                  0x0800d421   Thumb Code    24  stm32f10x_tim.o(.text)
    TIM_UpdateRequestConfig                  0x0800d439   Thumb Code    24  stm32f10x_tim.o(.text)
    TIM_SelectHallSensor                     0x0800d451   Thumb Code    24  stm32f10x_tim.o(.text)
    TIM_SelectOnePulseMode                   0x0800d469   Thumb Code    18  stm32f10x_tim.o(.text)
    TIM_SelectOutputTrigger                  0x0800d47b   Thumb Code    18  stm32f10x_tim.o(.text)
    TIM_SelectSlaveMode                      0x0800d48d   Thumb Code    18  stm32f10x_tim.o(.text)
    TIM_SelectMasterSlaveMode                0x0800d49f   Thumb Code    18  stm32f10x_tim.o(.text)
    TIM_SetCounter                           0x0800d4b1   Thumb Code     4  stm32f10x_tim.o(.text)
    TIM_SetAutoreload                        0x0800d4b5   Thumb Code     4  stm32f10x_tim.o(.text)
    TIM_SetCompare1                          0x0800d4b9   Thumb Code     4  stm32f10x_tim.o(.text)
    TIM_SetCompare2                          0x0800d4bd   Thumb Code     4  stm32f10x_tim.o(.text)
    TIM_SetCompare3                          0x0800d4c1   Thumb Code     4  stm32f10x_tim.o(.text)
    TIM_SetCompare4                          0x0800d4c5   Thumb Code     6  stm32f10x_tim.o(.text)
    TIM_SetClockDivision                     0x0800d4cb   Thumb Code    18  stm32f10x_tim.o(.text)
    TIM_GetCapture1                          0x0800d4dd   Thumb Code     6  stm32f10x_tim.o(.text)
    TIM_GetCapture2                          0x0800d4e3   Thumb Code     6  stm32f10x_tim.o(.text)
    TIM_GetCapture3                          0x0800d4e9   Thumb Code     6  stm32f10x_tim.o(.text)
    TIM_GetCapture4                          0x0800d4ef   Thumb Code     8  stm32f10x_tim.o(.text)
    TIM_GetCounter                           0x0800d4f7   Thumb Code     6  stm32f10x_tim.o(.text)
    TIM_GetPrescaler                         0x0800d4fd   Thumb Code     6  stm32f10x_tim.o(.text)
    TIM_GetFlagStatus                        0x0800d503   Thumb Code    18  stm32f10x_tim.o(.text)
    TIM_ClearFlag                            0x0800d515   Thumb Code     6  stm32f10x_tim.o(.text)
    TIM_GetITStatus                          0x0800d51b   Thumb Code    34  stm32f10x_tim.o(.text)
    TIM_ClearITPendingBit                    0x0800d53d   Thumb Code     6  stm32f10x_tim.o(.text)
    __use_no_semihosting                     0x0800d543   Thumb Code     2  use_no_semi_2.o(.text)
    __2printf                                0x0800d545   Thumb Code    20  noretval__2printf.o(.text)
    __printf                                 0x0800d55d   Thumb Code   104  __printf.o(.text)
    _printf_str                              0x0800d5c5   Thumb Code    82  _printf_str.o(.text)
    _printf_int_dec                          0x0800d619   Thumb Code   104  _printf_dec.o(.text)
    _printf_int_hex                          0x0800d691   Thumb Code    84  _printf_hex_int.o(.text)
    _printf_longlong_hex                     0x0800d691   Thumb Code     0  _printf_hex_int.o(.text)
    srand                                    0x0800d6e9   Thumb Code    42  rand.o(.text)
    _rand_init                               0x0800d713   Thumb Code     4  rand.o(.text)
    strcmp                                   0x0800d725   Thumb Code   128  strcmpv7m.o(.text)
    __use_two_region_memory                  0x0800d7a5   Thumb Code     2  heapauxi.o(.text)
    __rt_heap_escrow$2region                 0x0800d7a7   Thumb Code     2  heapauxi.o(.text)
    __rt_heap_expand$2region                 0x0800d7a9   Thumb Code     2  heapauxi.o(.text)
    __I$use$semihosting                      0x0800d7ab   Thumb Code     0  use_no_semi.o(.text)
    __use_no_semihosting_swi                 0x0800d7ab   Thumb Code     2  use_no_semi.o(.text)
    __read_errno                             0x0800d7ad   Thumb Code    10  _rserrno.o(.text)
    __set_errno                              0x0800d7b7   Thumb Code    12  _rserrno.o(.text)
    _printf_int_common                       0x0800d7c3   Thumb Code   178  _printf_intcommon.o(.text)
    _printf_cs_common                        0x0800d875   Thumb Code    20  _printf_char.o(.text)
    _printf_char                             0x0800d889   Thumb Code    16  _printf_char.o(.text)
    _printf_string                           0x0800d899   Thumb Code     8  _printf_char.o(.text)
    _printf_char_file                        0x0800d8a1   Thumb Code    32  _printf_char_file.o(.text)
    __aeabi_errno_addr                       0x0800d8c5   Thumb Code     8  rt_errno_addr_intlibspace.o(.text)
    __errno$intlibspace                      0x0800d8c5   Thumb Code     0  rt_errno_addr_intlibspace.o(.text)
    __rt_errno_addr$intlibspace              0x0800d8c5   Thumb Code     0  rt_errno_addr_intlibspace.o(.text)
    _printf_char_common                      0x0800d8d7   Thumb Code    32  _printf_char_common.o(.text)
    ferror                                   0x0800d8fd   Thumb Code     8  ferror.o(.text)
    __user_libspace                          0x0800d905   Thumb Code     8  libspace.o(.text)
    __user_perproc_libspace                  0x0800d905   Thumb Code     0  libspace.o(.text)
    __user_perthread_libspace                0x0800d905   Thumb Code     0  libspace.o(.text)
    __user_setup_stackheap                   0x0800d90d   Thumb Code    74  sys_stackheap_outer.o(.text)
    exit                                     0x0800d957   Thumb Code    12  exit.o(.text)
    sqrt                                     0x0800d963   Thumb Code    76  sqrt.o(i.sqrt)
    __aeabi_dadd                             0x0800d9b1   Thumb Code     0  daddsub_clz.o(x$fpl$dadd)
    _dadd                                    0x0800d9b1   Thumb Code   332  daddsub_clz.o(x$fpl$dadd)
    __fpl_dcmp_Inf                           0x0800db01   Thumb Code    24  dcmpi.o(x$fpl$dcmpinf)
    __aeabi_d2uiz                            0x0800db19   Thumb Code     0  dfixu.o(x$fpl$dfixu)
    _dfixu                                   0x0800db19   Thumb Code    90  dfixu.o(x$fpl$dfixu)
    __aeabi_i2d                              0x0800db73   Thumb Code     0  dflt_clz.o(x$fpl$dflt)
    _dflt                                    0x0800db73   Thumb Code    46  dflt_clz.o(x$fpl$dflt)
    __aeabi_ui2d                             0x0800dba1   Thumb Code     0  dflt_clz.o(x$fpl$dfltu)
    _dfltu                                   0x0800dba1   Thumb Code    38  dflt_clz.o(x$fpl$dfltu)
    __aeabi_cdcmple                          0x0800dbc9   Thumb Code     0  dleqf.o(x$fpl$dleqf)
    _dcmple                                  0x0800dbc9   Thumb Code   120  dleqf.o(x$fpl$dleqf)
    __fpl_dcmple_InfNaN                      0x0800dc2b   Thumb Code     0  dleqf.o(x$fpl$dleqf)
    __aeabi_dmul                             0x0800dc41   Thumb Code     0  dmul.o(x$fpl$dmul)
    _dmul                                    0x0800dc41   Thumb Code   332  dmul.o(x$fpl$dmul)
    __fpl_dnaninf                            0x0800dd95   Thumb Code   156  dnaninf.o(x$fpl$dnaninf)
    __fpl_dretinf                            0x0800de31   Thumb Code    12  dretinf.o(x$fpl$dretinf)
    __aeabi_cdrcmple                         0x0800de3d   Thumb Code     0  drleqf.o(x$fpl$drleqf)
    _drcmple                                 0x0800de3d   Thumb Code   108  drleqf.o(x$fpl$drleqf)
    __aeabi_drsub                            0x0800dea9   Thumb Code     0  daddsub_clz.o(x$fpl$drsb)
    _drsb                                    0x0800dea9   Thumb Code    22  daddsub_clz.o(x$fpl$drsb)
    _dsqrt                                   0x0800dec1   Thumb Code   456  dsqrt_noumaal.o(x$fpl$dsqrt)
    __aeabi_dsub                             0x0800e08d   Thumb Code     0  daddsub_clz.o(x$fpl$dsub)
    _dsub                                    0x0800e08d   Thumb Code   464  daddsub_clz.o(x$fpl$dsub)
    __aeabi_f2d                              0x0800e261   Thumb Code     0  f2d.o(x$fpl$f2d)
    _f2d                                     0x0800e261   Thumb Code    86  f2d.o(x$fpl$f2d)
    __aeabi_fadd                             0x0800e2b9   Thumb Code     0  faddsub_clz.o(x$fpl$fadd)
    _fadd                                    0x0800e2b9   Thumb Code   196  faddsub_clz.o(x$fpl$fadd)
    __aeabi_fdiv                             0x0800e37d   Thumb Code     0  fdiv.o(x$fpl$fdiv)
    _fdiv                                    0x0800e37d   Thumb Code   384  fdiv.o(x$fpl$fdiv)
    __aeabi_f2iz                             0x0800e501   Thumb Code     0  ffix.o(x$fpl$ffix)
    _ffix                                    0x0800e501   Thumb Code    54  ffix.o(x$fpl$ffix)
    __aeabi_f2uiz                            0x0800e539   Thumb Code     0  ffixu.o(x$fpl$ffixu)
    _ffixu                                   0x0800e539   Thumb Code    62  ffixu.o(x$fpl$ffixu)
    __aeabi_i2f                              0x0800e579   Thumb Code     0  fflt_clz.o(x$fpl$fflt)
    _fflt                                    0x0800e579   Thumb Code    48  fflt_clz.o(x$fpl$fflt)
    __aeabi_ui2f                             0x0800e5a9   Thumb Code     0  fflt_clz.o(x$fpl$ffltu)
    _ffltu                                   0x0800e5a9   Thumb Code    38  fflt_clz.o(x$fpl$ffltu)
    __aeabi_fmul                             0x0800e5d1   Thumb Code     0  fmul.o(x$fpl$fmul)
    _fmul                                    0x0800e5d1   Thumb Code   258  fmul.o(x$fpl$fmul)
    __fpl_fnaninf                            0x0800e6d3   Thumb Code   140  fnaninf.o(x$fpl$fnaninf)
    __fpl_fretinf                            0x0800e75f   Thumb Code    10  fretinf.o(x$fpl$fretinf)
    __aeabi_fsub                             0x0800e769   Thumb Code     0  faddsub_clz.o(x$fpl$fsub)
    _fsub                                    0x0800e769   Thumb Code   234  faddsub_clz.o(x$fpl$fsub)
    __I$use$fp                               0x0800e852   Number         0  usenofp.o(x$fpl$usenofp)
    asc2_1206                                0x0800e852   Data        1140  lcd.o(.constdata)
    asc2_1608                                0x0800ecc6   Data        1520  lcd.o(.constdata)
    asc2_2412                                0x0800f2b6   Data        3420  lcd.o(.constdata)
    TP_REMIND_MSG_TBL                        0x08010014   Data           4  touch.o(.constdata)
    OTT_TPX_TBL                              0x08010018   Data          10  ott2001a.o(.constdata)
    FT5206_TPX_TBL                           0x08010022   Data          10  ft5206.o(.constdata)
    GT9147_CFG_TBL                           0x0801002c   Data         184  gt9147.o(.constdata)
    GT9147_TPX_TBL                           0x080100e4   Data          10  gt9147.o(.constdata)
    Region$$Table$$Base                      0x08010194   Number         0  anon$$obj.o(Region$$Table)
    Region$$Table$$Limit                     0x080101b4   Number         0  anon$$obj.o(Region$$Table)
    show                                     0x20000000   Data           5  main.o(.data)
    mode                                     0x20000005   Data           1  main.o(.data)
    qishi                                    0x20000006   Data           1  main.o(.data)
    success                                  0x20000007   Data           1  main.o(.data)
    si                                       0x20000008   Data           1  main.o(.data)
    sisi                                     0x20000009   Data           1  main.o(.data)
    i                                        0x2000000c   Data           4  main.o(.data)
    j                                        0x20000010   Data           4  main.o(.data)
    ii                                       0x20000014   Data           4  main.o(.data)
    rd                                       0x20000018   Data           4  main.o(.data)
    im                                       0x2000001c   Data           4  main.o(.data)
    jm                                       0x20000020   Data           4  main.o(.data)
    rdm                                      0x20000024   Data           4  main.o(.data)
    ti_min                                   0x20000028   Data           4  main.o(.data)
    tt                                       0x2000002c   Data           4  main.o(.data)
    ti                                       0x20000030   Data           4  main.o(.data)
    tj                                       0x20000034   Data           4  main.o(.data)
    diyi                                     0x20000038   Data           4  main.o(.data)
    aaa                                      0x2000003c   Data           4  main.o(.data)
    bbb                                      0x20000040   Data           4  main.o(.data)
    ccc                                      0x20000044   Data           4  main.o(.data)
    ddd                                      0x20000048   Data           4  main.o(.data)
    count_10ms                               0x2000004c   Data           4  main.o(.data)
    count_10ms_2                             0x20000050   Data           4  main.o(.data)
    cci                                      0x20000054   Data           4  main.o(.data)
    count_2                                  0x20000058   Data           4  main.o(.data)
    count_3                                  0x2000005c   Data           4  main.o(.data)
    mode_c                                   0x20000060   Data           4  main.o(.data)
    mode_chan                                0x20000064   Data           4  main.o(.data)
    geshu                                    0x20000068   Data           4  main.o(.data)
    shu_10                                   0x2000006c   Data           4  main.o(.data)
    beep_ks                                  0x20000070   Data           4  main.o(.data)
    x_c                                      0x20000074   Data           4  main.o(.data)
    y_c                                      0x20000078   Data           4  main.o(.data)
    count_4                                  0x2000007c   Data           4  main.o(.data)
    This_1                                   0x20000080   Data           4  main.o(.data)
    t                                        0x20000084   Data           4  main.o(.data)
    count_6                                  0x20000088   Data           4  main.o(.data)
    count_7                                  0x2000008c   Data           4  main.o(.data)
    bs                                       0x20000090   Data           4  main.o(.data)
    q                                        0x20000094   Data           4  main.o(.data)
    k                                        0x20000098   Data           4  main.o(.data)
    p                                        0x2000009c   Data           4  main.o(.data)
    count_1                                  0x200000a0   Data           4  main.o(.data)
    FLASH_SIZE                               0x200000a4   Data           4  main.o(.data)
    fs_1                                     0x200000a8   Data           4  main.o(.data)
    fs_2                                     0x200000ac   Data           2  main.o(.data)
    ceshi_2                                  0x200000ae   Data           4  main.o(.data)
    ID                                       0x200000b2   Data           6  main.o(.data)
    SystemCoreClock                          0x200000b8   Data           4  system_stm32f10x.o(.data)
    AHBPrescTable                            0x200000bc   Data          16  system_stm32f10x.o(.data)
    POINT_COLOR                              0x200000cc   Data           2  lcd.o(.data)
    BACK_COLOR                               0x200000ce   Data           2  lcd.o(.data)
    W25QXX_TYPE                              0x200000d0   Data           2  w25qxx.o(.data)
    tp_dev                                   0x200000d4   Data          52  touch.o(.data)
    CMD_RDX                                  0x20000108   Data           1  touch.o(.data)
    CMD_RDY                                  0x20000109   Data           1  touch.o(.data)
    c                                        0x20000110   Data           2  timer.o(.data)
    sec_x                                    0x20000114   Data           4  timer.o(.data)
    sec_z                                    0x20000118   Data           4  timer.o(.data)
    sec_xx                                   0x2000011c   Data           4  timer.o(.data)
    time_us                                  0x20000120   Data           4  timer.o(.data)
    byte                                     0x20000124   Data          36  beep.o(.data)
    song                                     0x20000148   Data         132  beep.o(.data)
    JP                                       0x200001cc   Data         128  beep.o(.data)
    b                                        0x2000024c   Data           4  beep.o(.data)
    __stdout                                 0x20000254   Data           4  usart.o(.data)
    USART_RX_STA                             0x20000258   Data           2  usart.o(.data)
    Dian                                     0x20000270   Data         384  main.o(.bss)
    jd                                       0x200003f0   Data         100  main.o(.bss)
    aa                                       0x20000454   Data          40  main.o(.bss)
    bb                                       0x2000047c   Data          40  main.o(.bss)
    cc                                       0x200004a4   Data          40  main.o(.bss)
    dd                                       0x200004cc   Data          40  main.o(.bss)
    fen                                      0x200004f4   Data          40  main.o(.bss)
    order                                    0x2000051c   Data          40  main.o(.bss)
    ceshi_3                                  0x20000544   Data         310  main.o(.bss)
    ren_1                                    0x2000067a   Data          40  main.o(.bss)
    T                                        0x200006a2   Data          10  main.o(.bss)
    F                                        0x200006ac   Data          40  main.o(.bss)
    RR                                       0x200006d4   Data          40  main.o(.bss)
    fen_2                                    0x200006fc   Data          20  main.o(.bss)
    ceshi_1                                  0x20000710   Data          10  main.o(.bss)
    ceshi_4                                  0x2000071a   Data          10  main.o(.bss)
    lcddev                                   0x20000724   Data          14  lcd.o(.bss)
    W25QXX_BUFFER                            0x20000732   Data        4096  w25qxx.o(.bss)
    USART_RX_BUF                             0x20001732   Data         200  usart.o(.bss)
    _random_number_data                      0x200017fc   Data         228  rand.o(.bss)
    __libspace_start                         0x200018e0   Data          96  libspace.o(.bss)
    __temporary_stack_top$libspace           0x20001940   Data           0  libspace.o(.bss)



==============================================================================

Memory Map of the image

  Image Entry point : 0x08000131

  Load Region LR_IROM1 (Base: 0x08000000, Size: 0x00010424, Max: 0x00080000, ABSOLUTE, COMPRESSED[0x0001023c])

    Execution Region ER_IROM1 (Base: 0x08000000, Size: 0x000101b4, Max: 0x00080000, ABSOLUTE)

    Base Addr    Size         Type   Attr      Idx    E Section Name        Object

    0x08000000   0x00000130   Data   RO          526    RESET               startup_stm32f10x_hd.o
    0x08000130   0x00000008   Code   RO          685  * !!!main             c_w.l(__main.o)
    0x08000138   0x00000034   Code   RO          934    !!!scatter          c_w.l(__scatter.o)
    0x0800016c   0x0000005a   Code   RO          932    !!dczerorl2         c_w.l(__dczerorl2.o)
    0x080001c6   0x00000002   PAD
    0x080001c8   0x0000001c   Code   RO          936    !!handler_zi        c_w.l(__scatter_zi.o)
    0x080001e4   0x00000000   Code   RO          675    .ARM.Collect$$_printf_percent$$00000000  c_w.l(_printf_percent.o)
    0x080001e4   0x00000006   Code   RO          674    .ARM.Collect$$_printf_percent$$00000009  c_w.l(_printf_d.o)
    0x080001ea   0x00000006   Code   RO          673    .ARM.Collect$$_printf_percent$$0000000C  c_w.l(_printf_x.o)
    0x080001f0   0x00000006   Code   RO          672    .ARM.Collect$$_printf_percent$$00000014  c_w.l(_printf_s.o)
    0x080001f6   0x00000004   Code   RO          756    .ARM.Collect$$_printf_percent$$00000017  c_w.l(_printf_percent_end.o)
    0x080001fa   0x00000002   Code   RO          863    .ARM.Collect$$libinit$$00000000  c_w.l(libinit.o)
    0x080001fc   0x00000000   Code   RO          758    .ARM.Collect$$libinit$$00000002  c_w.l(libinit2.o)
    0x080001fc   0x00000000   Code   RO          760    .ARM.Collect$$libinit$$00000004  c_w.l(libinit2.o)
    0x080001fc   0x00000000   Code   RO          763    .ARM.Collect$$libinit$$0000000A  c_w.l(libinit2.o)
    0x080001fc   0x00000000   Code   RO          765    .ARM.Collect$$libinit$$0000000C  c_w.l(libinit2.o)
    0x080001fc   0x00000004   Code   RO          766    .ARM.Collect$$libinit$$0000000D  c_w.l(libinit2.o)
    0x08000200   0x00000000   Code   RO          767    .ARM.Collect$$libinit$$0000000E  c_w.l(libinit2.o)
    0x08000200   0x00000000   Code   RO          770    .ARM.Collect$$libinit$$00000011  c_w.l(libinit2.o)
    0x08000200   0x00000000   Code   RO          772    .ARM.Collect$$libinit$$00000013  c_w.l(libinit2.o)
    0x08000200   0x00000000   Code   RO          774    .ARM.Collect$$libinit$$00000015  c_w.l(libinit2.o)
    0x08000200   0x00000000   Code   RO          776    .ARM.Collect$$libinit$$00000017  c_w.l(libinit2.o)
    0x08000200   0x00000000   Code   RO          778    .ARM.Collect$$libinit$$00000019  c_w.l(libinit2.o)
    0x08000200   0x00000000   Code   RO          780    .ARM.Collect$$libinit$$0000001B  c_w.l(libinit2.o)
    0x08000200   0x00000000   Code   RO          782    .ARM.Collect$$libinit$$0000001D  c_w.l(libinit2.o)
    0x08000200   0x00000000   Code   RO          784    .ARM.Collect$$libinit$$0000001F  c_w.l(libinit2.o)
    0x08000200   0x00000000   Code   RO          786    .ARM.Collect$$libinit$$00000021  c_w.l(libinit2.o)
    0x08000200   0x00000000   Code   RO          788    .ARM.Collect$$libinit$$00000023  c_w.l(libinit2.o)
    0x08000200   0x00000000   Code   RO          790    .ARM.Collect$$libinit$$00000025  c_w.l(libinit2.o)
    0x08000200   0x00000000   Code   RO          794    .ARM.Collect$$libinit$$0000002C  c_w.l(libinit2.o)
    0x08000200   0x00000000   Code   RO          796    .ARM.Collect$$libinit$$0000002E  c_w.l(libinit2.o)
    0x08000200   0x00000000   Code   RO          798    .ARM.Collect$$libinit$$00000030  c_w.l(libinit2.o)
    0x08000200   0x00000000   Code   RO          800    .ARM.Collect$$libinit$$00000032  c_w.l(libinit2.o)
    0x08000200   0x00000002   Code   RO          801    .ARM.Collect$$libinit$$00000033  c_w.l(libinit2.o)
    0x08000202   0x00000002   Code   RO          894    .ARM.Collect$$libshutdown$$00000000  c_w.l(libshutdown.o)
    0x08000204   0x00000000   Code   RO          901    .ARM.Collect$$libshutdown$$00000003  c_w.l(libshutdown2.o)
    0x08000204   0x00000000   Code   RO          904    .ARM.Collect$$libshutdown$$00000006  c_w.l(libshutdown2.o)
    0x08000204   0x00000000   Code   RO          907    .ARM.Collect$$libshutdown$$00000009  c_w.l(libshutdown2.o)
    0x08000204   0x00000000   Code   RO          909    .ARM.Collect$$libshutdown$$0000000B  c_w.l(libshutdown2.o)
    0x08000204   0x00000000   Code   RO          912    .ARM.Collect$$libshutdown$$0000000E  c_w.l(libshutdown2.o)
    0x08000204   0x00000002   Code   RO          913    .ARM.Collect$$libshutdown$$0000000F  c_w.l(libshutdown2.o)
    0x08000206   0x00000000   Code   RO          747    .ARM.Collect$$rtentry$$00000000  c_w.l(__rtentry.o)
    0x08000206   0x00000000   Code   RO          816    .ARM.Collect$$rtentry$$00000002  c_w.l(__rtentry2.o)
    0x08000206   0x00000006   Code   RO          828    .ARM.Collect$$rtentry$$00000004  c_w.l(__rtentry4.o)
    0x0800020c   0x00000000   Code   RO          818    .ARM.Collect$$rtentry$$00000009  c_w.l(__rtentry2.o)
    0x0800020c   0x00000004   Code   RO          819    .ARM.Collect$$rtentry$$0000000A  c_w.l(__rtentry2.o)
    0x08000210   0x00000000   Code   RO          821    .ARM.Collect$$rtentry$$0000000C  c_w.l(__rtentry2.o)
    0x08000210   0x00000008   Code   RO          822    .ARM.Collect$$rtentry$$0000000D  c_w.l(__rtentry2.o)
    0x08000218   0x00000002   Code   RO          866    .ARM.Collect$$rtexit$$00000000  c_w.l(rtexit.o)
    0x0800021a   0x00000000   Code   RO          876    .ARM.Collect$$rtexit$$00000002  c_w.l(rtexit2.o)
    0x0800021a   0x00000004   Code   RO          877    .ARM.Collect$$rtexit$$00000003  c_w.l(rtexit2.o)
    0x0800021e   0x00000006   Code   RO          878    .ARM.Collect$$rtexit$$00000004  c_w.l(rtexit2.o)
    0x08000224   0x00000034   Code   RO          676    .emb_text           c_w.l(rand.o)
    0x08000258   0x000037cc   Code   RO            1    .text               main.o
    0x08003a24   0x0000001a   Code   RO          163    .text               stm32f10x_it.o
    0x08003a3e   0x00000002   PAD
    0x08003a40   0x000001e0   Code   RO          204    .text               system_stm32f10x.o
    0x08003c20   0x0000004c   Code   RO          222    .text               led.o
    0x08003c6c   0x00004b30   Code   RO          247    .text               lcd.o
    0x0800879c   0x0000026c   Code   RO          270    .text               myiic.o
    0x08008a08   0x0000017a   Code   RO          282    .text               24cxx.o
    0x08008b82   0x00000002   PAD
    0x08008b84   0x00000108   Code   RO          294    .text               spi.o
    0x08008c8c   0x00000368   Code   RO          313    .text               w25qxx.o
    0x08008ff4   0x00000fb4   Code   RO          332    .text               touch.o
    0x08009fa8   0x00000284   Code   RO          356    .text               ctiic.o
    0x0800a22c   0x0000036c   Code   RO          371    .text               ott2001a.o
    0x0800a598   0x00000338   Code   RO          387    .text               ft5206.o
    0x0800a8d0   0x00000458   Code   RO          406    .text               gt9147.o
    0x0800ad28   0x0000016c   Code   RO          425    .text               timer.o
    0x0800ae94   0x00000144   Code   RO          441    .text               beep.o
    0x0800afd8   0x000000d4   Code   RO          460    .text               delay.o
    0x0800b0ac   0x00000140   Code   RO          491    .text               usart.o
    0x0800b1ec   0x00000040   Code   RO          527    .text               startup_stm32f10x_hd.o
    0x0800b22c   0x000000dc   Code   RO          531    .text               misc.o
    0x0800b308   0x0000060c   Code   RO          543    .text               stm32f10x_fsmc.o
    0x0800b914   0x0000035c   Code   RO          555    .text               stm32f10x_gpio.o
    0x0800bc70   0x000003a4   Code   RO          567    .text               stm32f10x_rcc.o
    0x0800c014   0x0000030c   Code   RO          581    .text               stm32f10x_spi.o
    0x0800c320   0x00000408   Code   RO          593    .text               stm32f10x_usart.o
    0x0800c728   0x00000e1a   Code   RO          605    .text               stm32f10x_tim.o
    0x0800d542   0x00000002   Code   RO          619    .text               c_w.l(use_no_semi_2.o)
    0x0800d544   0x00000018   Code   RO          623    .text               c_w.l(noretval__2printf.o)
    0x0800d55c   0x00000068   Code   RO          625    .text               c_w.l(__printf.o)
    0x0800d5c4   0x00000052   Code   RO          627    .text               c_w.l(_printf_str.o)
    0x0800d616   0x00000002   PAD
    0x0800d618   0x00000078   Code   RO          629    .text               c_w.l(_printf_dec.o)
    0x0800d690   0x00000058   Code   RO          634    .text               c_w.l(_printf_hex_int.o)
    0x0800d6e8   0x0000003c   Code   RO          677    .text               c_w.l(rand.o)
    0x0800d724   0x00000080   Code   RO          681    .text               c_w.l(strcmpv7m.o)
    0x0800d7a4   0x00000006   Code   RO          683    .text               c_w.l(heapauxi.o)
    0x0800d7aa   0x00000002   Code   RO          745    .text               c_w.l(use_no_semi.o)
    0x0800d7ac   0x00000016   Code   RO          748    .text               c_w.l(_rserrno.o)
    0x0800d7c2   0x000000b2   Code   RO          750    .text               c_w.l(_printf_intcommon.o)
    0x0800d874   0x0000002c   Code   RO          752    .text               c_w.l(_printf_char.o)
    0x0800d8a0   0x00000024   Code   RO          754    .text               c_w.l(_printf_char_file.o)
    0x0800d8c4   0x00000008   Code   RO          833    .text               c_w.l(rt_errno_addr_intlibspace.o)
    0x0800d8cc   0x00000030   Code   RO          835    .text               c_w.l(_printf_char_common.o)
    0x0800d8fc   0x00000008   Code   RO          837    .text               c_w.l(ferror.o)
    0x0800d904   0x00000008   Code   RO          845    .text               c_w.l(libspace.o)
    0x0800d90c   0x0000004a   Code   RO          848    .text               c_w.l(sys_stackheap_outer.o)
    0x0800d956   0x0000000c   Code   RO          852    .text               c_w.l(exit.o)
    0x0800d962   0x0000004c   Code   RO          738    i.sqrt              m_ws.l(sqrt.o)
    0x0800d9ae   0x00000002   PAD
    0x0800d9b0   0x00000150   Code   RO          687    x$fpl$dadd          fz_ws.l(daddsub_clz.o)
    0x0800db00   0x00000018   Code   RO          802    x$fpl$dcmpinf       fz_ws.l(dcmpi.o)
    0x0800db18   0x0000005a   Code   RO          693    x$fpl$dfixu         fz_ws.l(dfixu.o)
    0x0800db72   0x0000002e   Code   RO          698    x$fpl$dflt          fz_ws.l(dflt_clz.o)
    0x0800dba0   0x00000026   Code   RO          697    x$fpl$dfltu         fz_ws.l(dflt_clz.o)
    0x0800dbc6   0x00000002   PAD
    0x0800dbc8   0x00000078   Code   RO          703    x$fpl$dleqf         fz_ws.l(dleqf.o)
    0x0800dc40   0x00000154   Code   RO          705    x$fpl$dmul          fz_ws.l(dmul.o)
    0x0800dd94   0x0000009c   Code   RO          804    x$fpl$dnaninf       fz_ws.l(dnaninf.o)
    0x0800de30   0x0000000c   Code   RO          806    x$fpl$dretinf       fz_ws.l(dretinf.o)
    0x0800de3c   0x0000006c   Code   RO          707    x$fpl$drleqf        fz_ws.l(drleqf.o)
    0x0800dea8   0x00000016   Code   RO          688    x$fpl$drsb          fz_ws.l(daddsub_clz.o)
    0x0800debe   0x00000002   PAD
    0x0800dec0   0x000001cc   Code   RO          808    x$fpl$dsqrt         fz_ws.l(dsqrt_noumaal.o)
    0x0800e08c   0x000001d4   Code   RO          689    x$fpl$dsub          fz_ws.l(daddsub_clz.o)
    0x0800e260   0x00000056   Code   RO          709    x$fpl$f2d           fz_ws.l(f2d.o)
    0x0800e2b6   0x00000002   PAD
    0x0800e2b8   0x000000c4   Code   RO          711    x$fpl$fadd          fz_ws.l(faddsub_clz.o)
    0x0800e37c   0x00000184   Code   RO          718    x$fpl$fdiv          fz_ws.l(fdiv.o)
    0x0800e500   0x00000036   Code   RO          721    x$fpl$ffix          fz_ws.l(ffix.o)
    0x0800e536   0x00000002   PAD
    0x0800e538   0x0000003e   Code   RO          725    x$fpl$ffixu         fz_ws.l(ffixu.o)
    0x0800e576   0x00000002   PAD
    0x0800e578   0x00000030   Code   RO          730    x$fpl$fflt          fz_ws.l(fflt_clz.o)
    0x0800e5a8   0x00000026   Code   RO          729    x$fpl$ffltu         fz_ws.l(fflt_clz.o)
    0x0800e5ce   0x00000002   PAD
    0x0800e5d0   0x00000102   Code   RO          735    x$fpl$fmul          fz_ws.l(fmul.o)
    0x0800e6d2   0x0000008c   Code   RO          810    x$fpl$fnaninf       fz_ws.l(fnaninf.o)
    0x0800e75e   0x0000000a   Code   RO          812    x$fpl$fretinf       fz_ws.l(fretinf.o)
    0x0800e768   0x000000ea   Code   RO          713    x$fpl$fsub          fz_ws.l(faddsub_clz.o)
    0x0800e852   0x00000000   Code   RO          814    x$fpl$usenofp       fz_ws.l(usenofp.o)
    0x0800e852   0x000017c0   Data   RO          249    .constdata          lcd.o
    0x08010012   0x00000002   PAD
    0x08010014   0x00000004   Data   RO          333    .constdata          touch.o
    0x08010018   0x0000000a   Data   RO          372    .constdata          ott2001a.o
    0x08010022   0x0000000a   Data   RO          388    .constdata          ft5206.o
    0x0801002c   0x000000c2   Data   RO          407    .constdata          gt9147.o
    0x080100ee   0x00000028   Data   RO          635    .constdata          c_w.l(_printf_hex_int.o)
    0x08010116   0x00000002   PAD
    0x08010118   0x00000079   Data   RO          334    .conststring        touch.o
    0x08010191   0x00000003   PAD
    0x08010194   0x00000020   Data   RO          930    Region$$Table       anon$$obj.o


    Execution Region RW_IRAM1 (Base: 0x20000000, Size: 0x00001f40, Max: 0x00010000, ABSOLUTE, COMPRESSED[0x00000088])

    Base Addr    Size         Type   Attr      Idx    E Section Name        Object

    0x20000000   0x000000b8   Data   RW            3    .data               main.o
    0x200000b8   0x00000014   Data   RW          205    .data               system_stm32f10x.o
    0x200000cc   0x00000004   Data   RW          250    .data               lcd.o
    0x200000d0   0x00000002   Data   RW          315    .data               w25qxx.o
    0x200000d2   0x00000002   PAD
    0x200000d4   0x00000036   Data   RW          335    .data               touch.o
    0x2000010a   0x00000001   Data   RW          373    .data               ott2001a.o
    0x2000010b   0x00000001   Data   RW          389    .data               ft5206.o
    0x2000010c   0x00000001   Data   RW          408    .data               gt9147.o
    0x2000010d   0x00000003   PAD
    0x20000110   0x00000014   Data   RW          426    .data               timer.o
    0x20000124   0x0000012c   Data   RW          442    .data               beep.o
    0x20000250   0x00000004   Data   RW          461    .data               delay.o
    0x20000254   0x00000006   Data   RW          493    .data               usart.o
    0x2000025a   0x00000014   Data   RW          568    .data               stm32f10x_rcc.o
    0x2000026e   0x00000002   PAD
    0x20000270   0x000004b4   Zero   RW            2    .bss                main.o
    0x20000724   0x0000000e   Zero   RW          248    .bss                lcd.o
    0x20000732   0x00001000   Zero   RW          314    .bss                w25qxx.o
    0x20001732   0x000000c8   Zero   RW          492    .bss                usart.o
    0x200017fa   0x00000002   PAD
    0x200017fc   0x000000e4   Zero   RW          678    .bss                c_w.l(rand.o)
    0x200018e0   0x00000060   Zero   RW          846    .bss                c_w.l(libspace.o)
    0x20001940   0x00000200   Zero   RW          525    HEAP                startup_stm32f10x_hd.o
    0x20001b40   0x00000400   Zero   RW          524    STACK               startup_stm32f10x_hd.o


==============================================================================

Image component sizes


      Code (inc. data)   RO Data    RW Data    ZI Data      Debug   Object Name

       378          0          0          0          0       2610   24cxx.o
       324         26          0        300          0       1642   beep.o
       644         24          0          0          0       2009   ctiic.o
       212         18          0          4          0        987   delay.o
       824         38         10          1          0       2427   ft5206.o
      1112         74        194          1          0       2942   gt9147.o
     19248        170       6080          4         14      22369   lcd.o
        76          8          0          0          0        479   led.o
     14284        950          0        184       1204     280250   main.o
       220         22          0          0          0       1765   misc.o
       620         14          0          0          0       1844   myiic.o
       876         56         10          1          0       2579   ott2001a.o
       264         10          0          0          0       1069   spi.o
        64         26        304          0       1536        784   startup_stm32f10x_hd.o
      1548         18          0          0          0       5311   stm32f10x_fsmc.o
       860         38          0          0          0       5609   stm32f10x_gpio.o
        26          0          0          0          0       1162   stm32f10x_it.o
       932         36          0         20          0       8764   stm32f10x_rcc.o
       780         14          0          0          0       6494   stm32f10x_spi.o
      3610         88          0          0          0      22096   stm32f10x_tim.o
      1032         22          0          0          0       8336   stm32f10x_usart.o
         0          0          0          0          0         32   sys.o
       480         38          0         20          0       1683   system_stm32f10x.o
       364         22          0         20          0       1824   timer.o
      4020        222        125         54          0       6581   touch.o
       320         16          0          6        200       3106   usart.o
       872         30          0          2       4096       4273   w25qxx.o

    ----------------------------------------------------------------------
     53994       1980       6760        624       7052     399027   Object Totals
         0          0         32          0          0          0   (incl. Generated)
         4          0          5          7          2          0   (incl. Padding)

    ----------------------------------------------------------------------

      Code (inc. data)   RO Data    RW Data    ZI Data      Debug   Library Member Name

        90          0          0          0          0          0   __dczerorl2.o
         8          0          0          0          0         68   __main.o
       104          0          0          0          0         84   __printf.o
         0          0          0          0          0          0   __rtentry.o
        12          0          0          0          0          0   __rtentry2.o
         6          0          0          0          0          0   __rtentry4.o
        52          8          0          0          0          0   __scatter.o
        28          0          0          0          0          0   __scatter_zi.o
        44          0          0          0          0        108   _printf_char.o
        48          6          0          0          0         96   _printf_char_common.o
        36          4          0          0          0         80   _printf_char_file.o
         6          0          0          0          0          0   _printf_d.o
       120         16          0          0          0         92   _printf_dec.o
        88          4         40          0          0         88   _printf_hex_int.o
       178          0          0          0          0         88   _printf_intcommon.o
         0          0          0          0          0          0   _printf_percent.o
         4          0          0          0          0          0   _printf_percent_end.o
         6          0          0          0          0          0   _printf_s.o
        82          0          0          0          0         80   _printf_str.o
         6          0          0          0          0          0   _printf_x.o
        22          0          0          0          0        100   _rserrno.o
        12          0          0          0          0         72   exit.o
         8          0          0          0          0         68   ferror.o
         6          0          0          0          0        152   heapauxi.o
         2          0          0          0          0          0   libinit.o
         6          0          0          0          0          0   libinit2.o
         2          0          0          0          0          0   libshutdown.o
         2          0          0          0          0          0   libshutdown2.o
         8          4          0          0         96         68   libspace.o
        24          4          0          0          0         84   noretval__2printf.o
       112         18          0          0        228        160   rand.o
         8          4          0          0          0         68   rt_errno_addr_intlibspace.o
         2          0          0          0          0          0   rtexit.o
        10          0          0          0          0          0   rtexit2.o
       128          0          0          0          0         68   strcmpv7m.o
        74          0          0          0          0         80   sys_stackheap_outer.o
         2          0          0          0          0         68   use_no_semi.o
         2          0          0          0          0         68   use_no_semi_2.o
       826         16          0          0          0        348   daddsub_clz.o
        24          0          0          0          0         68   dcmpi.o
        90          4          0          0          0         92   dfixu.o
        84          0          0          0          0        136   dflt_clz.o
       120          4          0          0          0         92   dleqf.o
       340         12          0          0          0        104   dmul.o
       156          4          0          0          0         92   dnaninf.o
        12          0          0          0          0         68   dretinf.o
       108          0          0          0          0         80   drleqf.o
       460         56          0          0          0        120   dsqrt_noumaal.o
        86          4          0          0          0         84   f2d.o
       430          8          0          0          0        168   faddsub_clz.o
       388         76          0          0          0         96   fdiv.o
        54          4          0          0          0         84   ffix.o
        62          4          0          0          0         84   ffixu.o
        86          0          0          0          0        136   fflt_clz.o
       258          4          0          0          0         84   fmul.o
       140          4          0          0          0         84   fnaninf.o
        10          0          0          0          0         68   fretinf.o
         0          0          0          0          0          0   usenofp.o
        76          0          0          0          0         84   sqrt.o

    ----------------------------------------------------------------------
      5176        268         42          0        324       4012   Library Totals
        18          0          2          0          0          0   (incl. Padding)

    ----------------------------------------------------------------------

      Code (inc. data)   RO Data    RW Data    ZI Data      Debug   Library Name

      1348         68         40          0        324       1840   c_w.l
      3734        200          0          0          0       2088   fz_ws.l
        76          0          0          0          0         84   m_ws.l

    ----------------------------------------------------------------------
      5176        268         42          0        324       4012   Library Totals

    ----------------------------------------------------------------------

==============================================================================


      Code (inc. data)   RO Data    RW Data    ZI Data      Debug   

     59170       2248       6802        624       7376     398823   Grand Totals
     59170       2248       6802        136       7376     398823   ELF Image Totals (compressed)
     59170       2248       6802        136          0          0   ROM Totals

==============================================================================

    Total RO  Size (Code + RO Data)                65972 (  64.43kB)
    Total RW  Size (RW Data + ZI Data)              8000 (   7.81kB)
    Total ROM Size (Code + RO Data + RW Data)      66108 (  64.56kB)

==============================================================================

